01100400 T __text_start
01100400 T __prolog_0000_00000200FF7F
01100418 T tk_printf
01100604 T __epilog_0000_00000200FF7F
0110061C T tkfat_asc2ucs
01100644 T __prolog_0001_00000200007C
01100652 T tk_getch
011006A8 T __epilog_0001_00000200007C
011006B4 T __prolog_0002_000002000070
011006C0 T tk_puts
011006F0 T __epilog_0002_000002000070
011006FC T __prolog_0003_00000200C07F
0110070E T memset
011007AA T __epilog_0003_00000200C07F
011007BC T TKMM_LVA_CinfTransPtr
011007DC T putc
01100800 T __prolog_0004_00000200F07F
01100814 T _memlzcpyf
0110095E T __epilog_0004_00000200F07F
01100970 T __prolog_0005_00000200007F
01100980 T TKSH_EdUpdateLine
011009CE T __epilog_0005_00000200007F
011009DC T TKSPI_XchByte
01100A48 T tkfat_setWord
01100A54 T __write
01100AB4 T strcpy
01100AD0 T tk_malloc
01100AEC T __prolog_0006_00000200FC7F
01100B02 T TKFAT_ReadWriteDirEntOffset
01100B1E T TKFAT_ReadWriteDirEntOffset.debugbreak_L0160
01100B32 T TKFAT_ReadWriteDirEntOffset.debugbreak_L0161
01100B52 T TKFAT_ReadWriteDirEntOffset.debugbreak_L0162
01100BB8 T __epilog_0006_00000200FC7F
01100BCC T TK_VMem_GetPageTableEntry
01100C70 T TK_VMem_GetPageTableEntry.debugbreak_L016D
01100CA4 T TK_VMem_GetPageTableEntry.debugbreak_L016E
01100CD4 T tk_kbhit
01100D2C T tk_fopen
01100D58 T tk_fread
01100D7E T tk_fread.debugbreak_L0174
01100DBC T tkfat_emitUtf8
01100E98 T printf
01100F18 T TKPE_LookupPboImagePath
01100F80 T tk_iskernel
01100FA8 T tk_sprintf
01101004 T tk_syscall
01101026 T tk_syscall.debugbreak_L017F
0110103A T tk_syscall.debugbreak_L0180
01101058 T TKMM_LVA_GetTagIndexForName
01101078 T tk_putc
011010CC T sprintf
01101128 T __get_errno
01101134 T TKGDI_BlitUpdate_EncodeCellUTX2
01101404 T TKSPI_SendCmd
0110141C T TKSPI_SendCmd.debugbreak_L018B
011014F6 T TKSPI_SendCmd.debugbreak_L018C
01101504 T tk_rstrdup
01101544 T TKSH_EdInsertLine
011015C4 T tk_malloc_krn
011015E4 T sblk0_enc
01101698 T TKMM_LVA_Strdup
011016B8 T TK_VMem_PtrForPto
011016BE T TK_VMem_PtrForPto.debugbreak_L0192
011016D0 T TK_VMem_SetPageTableEntry
01101796 T TK_VMem_SetPageTableEntry.debugbreak_L01A7
011017A4 T TK_VMem_SetPageTableEntry.debugbreak_L01A8
011017F2 T TK_VMem_SetPageTableEntry.debugbreak_L01A9
01101802 T TK_VMem_SetPageTableEntry.debugbreak_L01AA
0110182C T TK_MMap_VaPageFree
01101888 T TKMM_LVA_BinaryOpGeneric
01101924 T TKMM_LVA_RegisterBinOp
011019B0 T TKMM_PageAlloc
011019D0 T tk_readdir
011019EC T tk_readdir.debugbreak_L01B0
01101A20 T TKMM_LVA_UnwrapFixnum
01101A2C T TK_ReadCharUtf8
01101B60 T TKFAT_GetFatEntry
01101B74 T TKFAT_GetFatEntry.debugbreak_L01B6
01101C50 T strchr
01101C78 T TKMM_MMCell_GetChunkBmpIndex
01101CA4 T TKFAT_ReadWriteMetaEntOffset
01101CC2 T TKFAT_ReadWriteMetaEntOffset.debugbreak_L01C6
01101CCE T TKFAT_ReadWriteMetaEntOffset.debugbreak_L01C7
01101CEC T TKFAT_ReadWriteMetaEntOffset.debugbreak_L01C8
01101D14 T TKPE_LookupImageDllExport
01101E00 T tk_ps2kb_scanhit
01101E1C T fabs
01101E2C T __alloca
01101E6C T __lvax_conv_tof64
01101F28 T TKMM_LVA_WrapFixnum
01101F44 T tk_dbg_putc
0110206C T TK_EnvCtx_SetEnvVarI_StrDup
011020EC T tk_fseek
0110210E T tk_fseek.debugbreak_L01CE
01102148 T TKSH_IsCmdEntryMode
01102154 T TKSPI_WriteSectors
0110216E T TKSPI_WriteSectors.debugbreak_L01D9
01102180 T TKSPI_WriteSectors.debugbreak_L01DA
011021FC T TK_Wad4_GetLumpSize
01102244 T TK_GetRandom48ASLR
01102284 T TKSPI_DelayUSec
01102288 T tk_realloc
011022DC T isdigit
01102310 T tkfat_fstnameforfsty
0110235C T tk_dbg_kbhit
01102378 T tk_dbg_putc_i
011023A0 T TKMM_LVA_TyMalloc
011023D4 T TKMM_LVA_NewBigInt3v
01102428 T TKFAT_AllocFreeCluster
011024B8 T __bcd128_toint128
01102550 T memchr
01102578 T TKMM_FxiToSize
01102598 T TKSH_EdStoreFile
011025F4 T TKSH_HexSetRow
01102626 T __epilog_0007_00000000007C
01102630 T TK_MMap_AllocIndex
01102694 T tk_gets
01102724 T TK_VMemAvl_AllocNode
011027EC T TK_VMemAvl_AllocNode.debugbreak_L01E0
011027FC T fputs
01102838 T TKSH_HexGetRow
01102870 T TKSH_EdStrdupLineBuffer
011028D0 T TK_GetPtrForHandle
011028E0 T TK_VMem_CheckAddrIsVirtual
01102918 T tk_print_hex_genw
01102930 T TKSH_RegisterCommand
01102954 T TKSH_TryLoad_ext
01102A80 T tk_dbg_getch
01102AB0 T tk_ps2kb_kbhit
01102AEC T TK_VMem_VaQueryPages
01102B38 T TKSH_EdDeleteLine
01102BAC T tk_free
01102BC8 T TK_Wad4_GetLumpDirGid
01102BEC T TK_VMem_MapAddrToCacheIdx
01102C20 T TKFAT_ReadWriteCluster
01102C40 T TKFAT_ReadWriteCluster.debugbreak_L01F0
01102C58 T TKFAT_ReadWriteCluster.debugbreak_L01F1
01102C6E T TKFAT_ReadWriteCluster.debugbreak_L01F2
01102CD8 T TKSPI_ReadSectors
01102CF2 T TKSPI_ReadSectors.debugbreak_L01FD
01102D04 T TKSPI_ReadSectors.debugbreak_L01FE
01102D80 T TKMM_LVA_VarObjTrySetKeyR
01102EC0 T tk_fclose
01102EDC T tk_fclose.debugbreak_L0204
01102F10 T __bcd64_fromint
01102F70 T tkfat_lfn2utf8
01102FBC T TK_AllocNewTask
01103044 T TK_VMem_PtoForPtr
01103048 T TKFAT_GetClusterLBA
01103060 T TKFAT_CheckDebMebMatch
0110308C T TKFAT_GetSectorTempBuffer
011030B0 T TKFAT_GetSectorTempBuffer.debugbreak_L0214
011030F4 T TKFAT_GetSectorTempBuffer.debugbreak_L0215
01103466 T TKFAT_GetSectorTempBuffer.debugbreak_L0216
0110348C T TK_DevFS_AllocDevice
011034BC T TK_VMem_AllocSwapPages
01103502 T TK_VMem_AllocSwapPages.debugbreak_L021C
01103544 T __bcd64_toint
01103588 T tkfat_sfn2utf8
011036EC T TKSH_ExecCmdEntry
01103728 T TKMM_MMList_Malloc
0110374C T TKMM_MMList_Malloc.debugbreak_L0222
0110375C T fwrite
0110385C T TK_InstanceImageInTask
0110388C T TK_InstanceImageInTask.debugbreak_L0228
01103A38 T TKFAT_GetSectorTempFatBuffer
01103A5C T TKGDI_BlitUpdate_ScanCellTransUTX2_Mask
01103C74 T examine
01104BA8 T TKMM_LVA_NewBigInt
01104C0C T TK_GetRandom16ASLR
01104C68 T tk_ps2getch
01104C94 T tk_ps2kb_updatei
01104E80 T TKFAT_SetFatEntry
01104E92 T TKFAT_SetFatEntry.debugbreak_L022E
01105014 T tk_vf_nextmount
0110501C T TKFAT_LookupDirEntPath
01105064 T tkfat_lfnchecksum
011050A4 T TK_Wad4_GetLumpDirMode
011050C8 T tk_strdup_in
011050E4 T TK_Con_SetCursorPos
0110510C T TK_Wad4_ZFreeBlock
011051A4 T TK_InitUserInfoForTask
011051B8 T TK_GetCurrentEnvContext
01105208 T TKMM_LVA_GetPtrTypeTag
01105234 T TK_Env_GetEnvVarIdx
011052F4 T tk_fat_fopen
011055A4 T TKMM_LVA_UnaryOpGeneric
011055CC T TK_DevFS_AddDevice
01105618 T TKFAT_CreateDirEntPath
0110563A T TKFAT_CreateDirEntPath.debugbreak_L0234
01105660 T TK_VMem_VaFlushVaddr
011056A8 T TK_Env_GetEnvVarI
01105750 T TKMM_MallocCat
011057C2 T TKMM_MallocCat.debugbreak_L023F
011057E2 T TKMM_MallocCat.debugbreak_L0240
011057F4 T tk_multidir_hashname
01105830 T TK_Wad4_CreateDirPath
01105884 T TKMM_MMList_GetPtrLnkObj
01105934 T TKGDI_BlitUpdate_ScanCellTransUTX2
01105B04 T tkra_clamp255
01105B18 T tk_alloc_file
01105BA0 T tk_alloc_file.debugbreak_L0246
01105BB0 T TK_Wad4_GetCacheLumpNum
01105C60 T TKSH_NormalizePath
01105DAC T tk_vfile_init
01105E58 T tk_sprint_decimal_n
01105EF8 T tk_strtol
01105F94 T TKMM_PageAllocL
01105FD8 T TK_Wad4_GetCacheExpandLumpNumOffs
0110621C T TKFAT_GetDirEntCluster
01106222 T TKFAT_GetDirEntCluster.debugbreak_L0251
01106234 T TKFAT_GetDirEntCluster.debugbreak_L0252
01106284 T __sigdfl
011062B0 T TKSH_TryLoad
01106958 T TKSH_TryLoad.debugbreak_L0258
01106AFC T tk_sprint_decimal
01106BB0 T __bcd128_fromint128
01106C54 T __lvax_conv_fromf64
01106CDC T TK_Wad4_AllocateNewFragLump
01106CF8 T pow
01106D44 T TKMM_LVA_VarObjKeyForSymbol
01106E58 T TKMM_LVA_UnwrapBigIntPv
01106ED4 T TKGDI_BlitUpdate_ScanCellEncode128
01106F10 T TKMM_AllocPagesApn
01106F26 T TKMM_AllocPagesApn.debugbreak_L025E
01106F48 T TKMM_LVA_VarObjFetchKeyR
0110707C T TK_VMem_MProtectPages
011070EE T TK_VMem_MProtectPages.debugbreak_L0264
01107154 T TK_Wad4_DigitBase32
01107174 T tk_sprint_hex
0110721C T TK_EnvCtx_SetEnvVar
01107284 T TKMM_MMCell_GetLnkObjCellHeadPtr
011072BC T TKMM_MMCell_GetLnkObjCellHeadPtr.debugbreak_L0274
011072D6 T TKMM_MMCell_GetLnkObjCellHeadPtr.debugbreak_L0275
011072F0 T TKMM_MMCell_GetLnkObjCellHeadPtr.debugbreak_L0276
01107320 T tk_closedir
0110733C T tk_closedir.debugbreak_L027C
01107370 T TK_Wad4_ZMalloc
011073E8 T tk_ftell
01107404 T tk_ftell.debugbreak_L0282
01107438 T tk_fwrite
0110745E T tk_fwrite.debugbreak_L0288
0110749C T TKFAT_ValidateImageMagic
011074AC T TKFAT_ValidateImageMagic.debugbreak_L02AC
011074C6 T TKFAT_ValidateImageMagic.debugbreak_L02AD
011074E0 T TKFAT_ValidateImageMagic.debugbreak_L02AE
011074FA T TKFAT_ValidateImageMagic.debugbreak_L02AF
01107518 T TKFAT_ValidateImageMagic.debugbreak_L02B0
01107536 T TKFAT_ValidateImageMagic.debugbreak_L02B1
01107554 T TKFAT_ValidateImageMagic.debugbreak_L02B2
0110755C T TKFAT_WalkDirEntNext
011075B6 T TKFAT_WalkDirEntNext.debugbreak_L02BD
011075CE T TKFAT_WalkDirEntNext.debugbreak_L02BE
01107CF8 T TKSH_ExecCmd
01107DB8 T THSH_QualifyPathArg
01107EA4 T tk_ps2trygetch
01107EF4 T __lva_conv_toi128
01107F5C T TKMM_AllocPagesZeroedApn
01107F72 T TKMM_AllocPagesZeroedApn.debugbreak_L02C4
01107FB4 T TKPE_UnpackBuffer
01108004 T TKFAT_GetDirEntSize
01108028 T tk_alloc_dir
01108048 T TK_Wad4_GetLumpEntType
01108088 T TKMM_PointerToPage
0110809C T TKPE_TryLoadProgramImage
01108238 T tk_alloc_mount
01108284 T TKFAT_ReadWriteClusterOffset
011082AC T TKFAT_ReadWriteClusterOffset.debugbreak_L02ED
011082CC T TKFAT_ReadWriteClusterOffset.debugbreak_L02EE
0110834A T TKFAT_ReadWriteClusterOffset.debugbreak_L02EF
0110835E T TKFAT_ReadWriteClusterOffset.debugbreak_L02F0
01108422 T TKFAT_ReadWriteClusterOffset.debugbreak_L02F1
01108436 T TKFAT_ReadWriteClusterOffset.debugbreak_L02F2
01108454 T TKFAT_ReadWriteClusterOffset.debugbreak_L02F3
01108482 T TKFAT_ReadWriteClusterOffset.debugbreak_L02F4
01108514 T tk_fopen2
01108588 T tk_fopen2.debugbreak_L02FF
0110861C T tk_fopen2.debugbreak_L0300
0110868C T TKFAT_GetWalkCluster
011086B8 T TKFAT_GetWalkCluster.debugbreak_L0306
01108918 T tksh_cifyemit
01108A1C T TK_Env_GetCwd
01108A44 T TKGDI_BlitUpdate_ScanCopyGen
01108AC0 T TK_GetAllocaMark
01108ADC T tk_shell_chksane_switch_i
01108B9A T tk_shell_chksane_switch_i.debugbreak_L030C
01108BB0 T TK_Wad4_GetCacheLumpNumOffs
01108D38 T tkfat_ucs2asc
01108D7C T TK_Wad4_GetLumpDirUid
01108DA0 T tk_sprint_hex_n
01108EA8 T TK_GetHandleForPtr
01108EEC T TKGDI_BlitUpdate_ScanCellEncode256
01108F28 T TK_VMem_VaCommitPages
01108FA8 T TK_VMem_VaCommitPages.debugbreak_L0312
01108FC0 T TKFAT_GetDirEntUid
01108FDC T TKGDI_Snd_GetDevDMAPos
01108FE8 T TKMM_MMCell_ChunkFindObjBase
01109024 T tk_print_float
01109080 T TK_Wad4_AllocateNewLump
011090FC T TK_Wad4_LookupLumpNameW2
0110919C T TKSH_HashFast
011091BC T tk_hfopen
01109270 T vfprintf
011092A8 T strncpy
011092EC T __lvax_cmp_eq
01109370 T __lvax_mod
011093D8 T TKMM_MSyncV
01109444 T tk_fat_fgetc
01109490 T __sigign
01109494 T __bcd128_mod
011094D4 T tk_wad4_unlink
01109500 T TK_EnvCtx_SetEnvVarI
0110967C T tk_wad4_fwrite
01109760 T TKSPI_PowerOff
0110977C T tk_multidir_closedir
011097DC T TKFAT_SyncDirEntFile
011097F0 T TKFAT_SyncDirEntFile.debugbreak_L0318
0110980C T __start_first
01109824 T TK_VMem_UnlinkPageHash
011098B4 T tk_wad4_fopen
01109AE8 T __lvax_conv_fromptr
01109C64 T tk_wad4_fclose
01109C8C T tk_wad4_init
01109CC0 T TKMM_MMList_FreeLnkObj
01109CE6 T TKMM_MMList_FreeLnkObj.debugbreak_L0328
01109CFA T TKMM_MMList_FreeLnkObj.debugbreak_L0329
01109D1A T TKMM_MMList_FreeLnkObj.debugbreak_L032A
01109D60 T __lvax_sub
01109E18 T TKSH_CreateCommand
01109E90 T __bcd64_div
01109EC4 T tk_fat_rmdir
01109F40 T TK_ExitCurrentThread
01109F6C T TK_VMem_GetBTreePageTableEntryI
0110A0B8 T TK_VMem_MapPhysIdxToPageNum
0110A0D0 T tk_bdspi_fseek
0110A184 T raise
0110A1A8 T __xbi_smod
0110A21C T TK_VMem_VaPageInAddr
0110A2D8 T TKMM_Malloc
0110A2EE T TKMM_Malloc.debugbreak_L033A
0110A35C T TKMM_Malloc.debugbreak_L033B
0110A37E T TKMM_Malloc.debugbreak_L033C
0110A390 T __lva_shl_gen
0110A3B4 T TK_Wad4_Wad2BuildPfxName
0110A55C T __lva_dec_gen
0110A57C T TK_EnvCtx_SetPath
0110A628 T tk_shell_chksane_clz
0110A684 T tk_shell_chksane_clz.debugbreak_L0347
0110A6CE T tk_shell_chksane_clz.debugbreak_L0348
0110A6F0 T __start_late
0110A70C T __lvax_or
0110A774 T _memset32
0110A818 T TK_VMem_VaFindFreePagesAslr
0110A8B8 T TK_VMem_GetPagePidx
0110A8BC T TK_VMem_GetPagePidx.debugbreak_L0353
0110A8CE T TK_VMem_GetPagePidx.debugbreak_L0354
0110A8E8 T TKSH_Cmds_Mv
0110AA18 T TK_PboGbrSetB
0110AA28 T TKSPI_WriteData
0110AA8C T TK_VMem_UnpackFeLz32Page
0110AAC0 T tk_shell_chksane_arith
0110AB38 T tk_shell_chksane_arith.debugbreak_L0463
0110AB4A T tk_shell_chksane_arith.debugbreak_L0464
0110AB74 T tk_shell_chksane_arith.debugbreak_L0465
0110AB86 T tk_shell_chksane_arith.debugbreak_L0466
0110AB98 T tk_shell_chksane_arith.debugbreak_L0467
0110ABC2 T tk_shell_chksane_arith.debugbreak_L0468
0110ABD4 T tk_shell_chksane_arith.debugbreak_L0469
0110AC1E T tk_shell_chksane_arith.debugbreak_L046A
0110AC30 T tk_shell_chksane_arith.debugbreak_L046B
0110AC62 T tk_shell_chksane_arith.debugbreak_L046C
0110AC74 T tk_shell_chksane_arith.debugbreak_L046D
0110ACA2 T tk_shell_chksane_arith.debugbreak_L046E
0110ACB4 T tk_shell_chksane_arith.debugbreak_L046F
0110ACEA T tk_shell_chksane_arith.debugbreak_L0470
0110ACFA T tk_shell_chksane_arith.debugbreak_L0471
0110AD0C T tk_shell_chksane_arith.debugbreak_L0472
0110AD1E T tk_shell_chksane_arith.debugbreak_L0473
0110AD34 T tk_shell_chksane_arith.debugbreak_L0474
0110AD4A T tk_shell_chksane_arith.debugbreak_L0475
0110AD7C T tk_shell_chksane_arith.debugbreak_L0476
0110AD86 T tk_shell_chksane_arith.debugbreak_L0477
0110ADAA T tk_shell_chksane_arith.debugbreak_L0478
0110ADB6 T tk_shell_chksane_arith.debugbreak_L0479
0110ADDA T tk_shell_chksane_arith.debugbreak_L047A
0110ADE6 T tk_shell_chksane_arith.debugbreak_L047B
0110AE16 T tk_shell_chksane_arith.debugbreak_L047C
0110AE22 T tk_shell_chksane_arith.debugbreak_L047D
0110AE46 T tk_shell_chksane_arith.debugbreak_L047E
0110AE52 T tk_shell_chksane_arith.debugbreak_L047F
0110AE76 T tk_shell_chksane_arith.debugbreak_L0480
0110AE80 T tk_shell_chksane_arith.debugbreak_L0481
0110AEA4 T tk_shell_chksane_arith.debugbreak_L0482
0110AEAE T tk_shell_chksane_arith.debugbreak_L0483
0110AF04 T tk_shell_chksane_arith.debugbreak_L0484
0110AF12 T tk_shell_chksane_arith.debugbreak_L0485
0110AF40 T tk_shell_chksane_arith.debugbreak_L0486
0110AF4E T tk_shell_chksane_arith.debugbreak_L0487
0110AF7C T tk_shell_chksane_arith.debugbreak_L0488
0110AF8A T tk_shell_chksane_arith.debugbreak_L0489
0110AFC6 T tk_shell_chksane_arith.debugbreak_L048A
0110AFD4 T tk_shell_chksane_arith.debugbreak_L048B
0110AFFA T tk_shell_chksane_arith.debugbreak_L048C
0110B008 T tk_shell_chksane_arith.debugbreak_L048D
0110B038 T tk_shell_chksane_arith.debugbreak_L048E
0110B046 T tk_shell_chksane_arith.debugbreak_L048F
0110B076 T tk_shell_chksane_arith.debugbreak_L0490
0110B084 T tk_shell_chksane_arith.debugbreak_L0491
0110B0D4 T tk_shell_chksane_arith.debugbreak_L0492
0110B0E6 T tk_shell_chksane_arith.debugbreak_L0493
0110B108 T tk_shell_chksane_arith.debugbreak_L0494
0110B14E T tk_shell_chksane_arith.debugbreak_L0495
0110B160 T tk_shell_chksane_arith.debugbreak_L0496
0110B190 T tk_shell_chksane_arith.debugbreak_L0497
0110B1AA T tk_shell_chksane_arith.debugbreak_L0498
0110B1B8 T TKSH_EdParseCommand
0110B464 T tk_sysc_opendir
0110B51C T TK_YieldCurrentThreadA
0110B57C T TKMM_GetZoneTag
0110B5D8 T __vnf_v3f_div
0110B634 T irq_addTimerIrq
0110B67C T TK_Con_PutcEscapeSgr
0110BA04 T __lva_storeindex
0110BA64 T TKMM_LVA_TryObjGetFieldVar
0110BAB8 T TKFAT_ReadImageMBR
0110BBF4 T tk_con_getctx
0110BC00 T TKSH_Cmds_Cls
0110BC20 T fwriteSlowB
0110BD90 T tk_sysc_fread
0110BE0C T strcpy_s
0110BE70 T TK_Midi_Init
0110BF60 T TKSH_Cmds_Ls
0110C064 T TKSPI_ChipSel
0110C0E8 T tk_sysc_init
0110C110 T TKGDI_UpdateWindowCells
0110C238 T TK_Wad4_GetLumpDirMtime
0110C280 T tk_sysc_fioctl
0110C2F4 T TK_Wad4_UnlinkDirLump
0110C3C4 T __vnf_c2f_div
0110C3F0 T TKGDI_BlitUpdate_EncodeCell4x4x2
0110C6CC T tk_rsplit
0110C6EC T TKMM_GetSize
0110C754 T TKSH_ExecCmdBuf
0110C800 T TKFAT_LookupDirEntNameQuick
0110C838 T __cytpe_init
0110C85C T tk_frecv
0110C88C T tk_frecv.debugbreak_L049E
0110C8D4 T __vnf_v2f_div
0110C90C T TKFAT_ReadWriteSector
0110C928 T TKFAT_ReadWriteSector.debugbreak_L04A4
0110C980 T __xbi_umod
0110C9F4 T TKMM_Free
0110CA60 T tk_bdspi_fclose
0110CA84 T TK_AllocNewTlsGbl
0110CA9C T tk_bdvfb_fgetc
0110CAF0 T tk_sysc_readdir
0110CB74 T TKMM_LVA_UnwrapFlonum
0110CB80 T TKFAT_SyncSectorTempFatBuffer
0110CC5C T tk_print_hex
0110CD28 T tk_fmount
0110CDA0 T TKMM_LVA_NewCons
0110CDF0 T tk_wad4_fsend
0110CDF4 T TKGDI_CreateAudioDevice
0110CE2C T TK_Env_GetPathList
0110CE6C T _fcn_clz128
0110CF9C T TK_Wad4_SetLumpSize
0110CFD8 T TKMM_LVA_ReAlloc
0110D02C T __lvax_add
0110D0E4 T TKFAT_CreateDirEntName
0110D126 T TKFAT_CreateDirEntName.debugbreak_L04AA
0110D5E0 T __lva_neg_gen
0110D600 T TKFAT_DeleteDirEnt
0110D610 T TKFAT_DeleteDirEnt.debugbreak_L04B5
0110D622 T TKFAT_DeleteDirEnt.debugbreak_L04B6
0110D660 T TK_Con_PutcEscape
0110DA2C T __init_stdin
0110DA6C T puts
0110DAB0 T tk_bdspi_fread
0110DB40 T TKMM_MMList_MProtectCat
0110DBEC T tk_wad4_readdir
0110DD10 T TKFAT_SetDirEntCluster
0110DD54 T tk_fat_mount
0110DD58 T tk_mgettag
0110DD78 T TK_VF_FlagsFromModeString
0110DE24 T __lva_inc_gen
0110DE44 T __lva_mod
0110DF1C T tk_bdvfb_fread
0110DFB4 T TK_VMem_AllocSwapPage
0110E0A8 T call_constraint_handler_s
0110E0D0 T tk_wad4_fread
0110E190 T TKSH_Cmds_Cp
0110E2B8 T TKMM_GetBase
0110E308 T tk_puts_n
0110E344 T tk_hrename
0110E388 T tk_msetzone
0110E3AC T tk_devfs_mount
0110E3B0 T __get_cmdline
0110E3DC T TK_EnvCtx_GetEnvVarI
0110E444 T __lva_unwrap
0110E448 T tk_shell_chksane_bcd
0110E480 T tk_shell_chksane_bcd.debugbreak_L04C1
0110E4C0 T tk_shell_chksane_bcd.debugbreak_L04C2
0110E4F8 T tk_vf_addmount
0110E516 T tk_vf_addmount.debugbreak_L04CD
0110E52A T tk_vf_addmount.debugbreak_L04CE
0110E5B4 T TK_VMem_GetAvlPageTableEntry
0110E67C T TK_AllocNewTlsB
0110E6B8 T TKGDI_ModifyAudioDevice
0110E78C T TK_Wad4_GetLumpDirChild
0110E7B0 T TK_Wad4_ZCheckEvictCache
0110E7DC T TK_Wad4_CreateNewLumpDir
0110E820 T tk_print_decimal
0110E866 T tk_print_decimal.debugbreak_L04D4
0110E8DC T TKPE_UnpackL4
0110E9E4 T tk_shell_chksane_addr
0110EA36 T tk_shell_chksane_addr.debugbreak_L04E9
0110EA50 T tk_shell_chksane_addr.debugbreak_L04EA
0110EA92 T tk_shell_chksane_addr.debugbreak_L04EB
0110EAAC T tk_shell_chksane_addr.debugbreak_L04EC
0110EABC T TK_ExitV
0110EB0C T __lva_conv_fromi64big
0110EB38 T tk_fputc
0110EB56 T tk_fputc.debugbreak_L04F2
0110EB8C T tk_sysc_frecv
0110EC38 T TKMM_MmapV
0110ECCC T tk_fat_init
0110ECF4 T tk_con_chkreset
0110ED64 T tkfat_setDWord
0110ED80 T TK_TaskGetCwd
0110EDB4 T TK_Con_GlyphForCodepoint
0110EE7C T TKFAT_GetDirEntMode
0110EEE8 T tk_hseek
0110EF4C T TKFAT_GetClusterFileOffs
0110EFAC T TKSPI_SetSpeed
0110EFC8 T TK_Wad4_FreeImage
0110EFE8 T TKFAT_SyncSectorTempBuffer
0110F0A0 T tk_bdspi_ftell
0110F0A8 T TKGDI_Snd_Submit
0110F29C T __lva_conv_toptr
0110F304 T __seek
0110F334 T TK_VMem_MapVirtToCacheIdx
0110F448 T TK_Wad4_GetLumpDirNext
0110F47C T TK_VMem_VaDoAllocRemapedPages
0110F492 T TK_VMem_VaDoAllocRemapedPages.debugbreak_L0502
0110F4E4 T TK_VMem_VaDoAllocRemapedPages.debugbreak_L0503
0110F4F2 T TK_VMem_VaDoAllocRemapedPages.debugbreak_L0504
0110F50C T tk_mount_sdfat
0110F57C T tk_mount_sdfat.debugbreak_L050A
0110F600 T tk_hsend
0110F668 T TKMM_MunmapL
0110F694 T TK_EnvCtx_GetCwd
0110F71C T __lva_loadindex
0110F7B8 T tk_kbhit_v
0110F800 T TKPE_TryOpenImage
0110FAB0 T __prolog_0007_00000200FF3F
0110FAC6 T tk_shell_chksane_int128
0110FB24 T tk_shell_chksane_int128.debugbreak_L0551
0110FB38 T tk_shell_chksane_int128.debugbreak_L0552
0110FB4C T tk_shell_chksane_int128.debugbreak_L0553
0110FB60 T tk_shell_chksane_int128.debugbreak_L0554
0110FB74 T tk_shell_chksane_int128.debugbreak_L0555
0110FB88 T tk_shell_chksane_int128.debugbreak_L0556
0110FB9C T tk_shell_chksane_int128.debugbreak_L0557
0110FBB0 T tk_shell_chksane_int128.debugbreak_L0558
0110FBD4 T tk_shell_chksane_int128.debugbreak_L0559
0110FBF8 T tk_shell_chksane_int128.debugbreak_L055A
0110FC3E T tk_shell_chksane_int128.debugbreak_L055B
0110FC84 T tk_shell_chksane_int128.debugbreak_L055C
0110FCC6 T tk_shell_chksane_int128.debugbreak_L055D
0110FD14 T tk_shell_chksane_int128.debugbreak_L055E
0110FD1E T __epilog_0008_00000200FF3F
0110FD34 T TKGDI_Snd_WriteMonoSamples2
0110FDA4 T TK_VMem_AddPageFrontLRU
0110FDEC T tk_rmdir
0110FE14 T TKMM_AllocPages
0110FE2E T TKMM_AllocPages.debugbreak_L0573
0110FE54 T TKMM_AllocPages.debugbreak_L0574
0110FE80 T TKMM_AllocPages.debugbreak_L0575
0110FE9A T TKMM_AllocPages.debugbreak_L0576
0110FEE0 T tk_con_putc
01110170 T TK_Wad4_GetLumpEntCmp
011101B0 T TKGDI_BlitUpdate_BlkRgb555
01110378 T TK_EnvCtx_SetCwd
011103A8 T TKGDI_Snd_GetDMAPos
011103B4 T TKMM_PageToPointer
011103B8 T TKMM_PageToPointer.debugbreak_L057C
011103D4 T fprintf
01110430 T __open
01110554 T TK_VMem_PackLz64Page
011108AC T __alloca_end
011108E4 T TK_Wad4_LookupDirName
0111094C T tk_wad4_mount
01110A28 T __sfp_frcpa_f64
01110A78 T __get_stdout
01110A84 T TKFAT_UnlinkClusterChain
01110A96 T TKFAT_UnlinkClusterChain.debugbreak_L0582
01110AD8 T tk_multidir_readdir
01110C14 T TK_FindFreePid
01110C60 T __alloca_begin
01110C7C T TKGDI_ModeForInputFormat
01110D3C T tk_fat_closedir
01110D6C T MemLzCpy_MatchCopy2
01111064 T __lva_shr_gen
01111088 T __vnf_vqf_rcp
0111111C T TKFAT_GetDirEntGid
0111113C T tk_mlock2
01111140 T TK_DlGetApiContextB
01111178 T tk_hfstat
011111B4 T TKMM_LVA_ObjLookupField
01111284 T __lvax_xor
011112EC T tk_unlink
01111314 T tk_opendir2
011114BC T TK_VMem_SetAvlPageTableEntry
01111728 T TK_VMem_SetAvlPageTableEntry.debugbreak_L0597
0111174A T TK_VMem_SetAvlPageTableEntry.debugbreak_L0598
01111780 T TK_VMem_SetAvlPageTableEntry.debugbreak_L0599
011117A6 T TK_VMem_SetAvlPageTableEntry.debugbreak_L059A
0111196C T TK_EnvCtx_RepackEnvbuf
01111A0C T TK_VMem_SetBTreePageTableEntryI
01111F08 T TKFAT_CreateSdFatContext
01111F50 T fwriteSlow
01112008 T __sdivsq
0111202C T TKSPI_Deselect
01112048 T tk_rovalloc
0111205C T tk_devfs_readdir
011120B8 T TK_Midi_Controller
01112118 T abort
01112138 T TK_Wad4_GetLinkPBase
01112224 T __tell
0111224C T tk_munlockall2
01112250 T tk_bdvfb_init
011122C0 T tk_sysc_fopen
0111236C T tk_shell_chksane_simd
01112588 T TK_Wad4_GetLumpDirBaseLink
011126E0 T TKSPI_InitDevice
01112920 T tkmm_lva_oprsub_bigi
01112970 T TK_VMem_VaEvictPageIndex
011129B0 T TKMM_MallocURo
011129D0 T tk_fsend
01112A00 T tk_fsend.debugbreak_L05A0
01112A48 T tk_hrecv
01112AB0 T TKMM_SizeToFxiU
01112ADA T TKMM_SizeToFxiU.debugbreak_L05A6
01112AE4 T __lva_div_gen
01112B08 T tk_bdvfb_fwrite
01112C08 T TKGDI_WriteAudioSamples
01112C44 T tk_sysc_exitpgm
01112C68 T TK_FindFreeObjHandle
01112C94 T __vnf_v4f_div
01112D08 T TK_CheckSchedNewTask
01112D48 T TKFAT_SetupDirEntMeta
01112EE8 T __lva_mod_gen
01112F0C T TKMM_GetTag
01112F60 T TK_VMem_FindFreeSwapPages
01113088 T TKMM_LVA_WrapPointer
011130B4 T TK_EnvCtx_GetEnvVarIdx
0111310C T TKSH_HexLoadFile
01113144 T TK_TlsSetB
01113154 T TK_GetThreadStatusB
01113178 T TK_Midi_ProgramChange
011131A8 T TK_SetCurrentTask
011131B0 T tk_getch_i
0111320C T TKGDI_BlitUpdate_EncodeCell8x8x2
0111331C T TKMM_MMCell_FreeLnkObjCellPtr
01113354 T TKMM_MMCell_FreeLnkObjCellPtr.debugbreak_L05B6
0111336E T TKMM_MMCell_FreeLnkObjCellPtr.debugbreak_L05B7
01113388 T TKMM_MMCell_FreeLnkObjCellPtr.debugbreak_L05B8
011133E8 T tk_unlink2
011134EC T TK_VMem_LoadPageFromDisk
011134FA T TK_VMem_LoadPageFromDisk.debugbreak_L05C3
0111350C T TK_VMem_LoadPageFromDisk.debugbreak_L05C4
011135E8 T tkmm_freezone_cbfunc
01113648 T tk_sysc_ftell
011136B8 T tk_isr_syscall
01113F8C T TKGDI_DrawString
01113FF4 T TK_Wad4_GetLumpDirRawLink
0111407C T TK_VMem_VaVirtualAlloc
01114178 T TK_Wad4_LookupLumpPathI
01114270 T __lva_mul_gen
01114294 T TKFAT_SyncSectorBuffers
011142CC T TKSH_EdLoadFile
011143D4 T tk_rsplit_sep
01114600 T tk_mkdir2
0111470C T TKMM_LVA_TryObjSetFieldVar
01114764 T frexp
011147C0 T tk_mprotect
011147EC T tk_fat_fseek
011148A0 T TKSH_Cmds_Edit
01114924 T tk_ralloc
01114998 T tk_hrmdir
011149D0 T tk_mmap2
01114A80 T tkmm_lva_opradd_bigi
01114AD0 T tk_bdspi_fioctl
01114AD4 T TK_LookupHandleForPtr
01114B08 T tk_sysc_fsend
01114BB4 T __lva_mul
01114C98 T __exit
01114CBC T TKMM_MMList_Free
01114CFC T TK_Wad4_ZEvictCache
01114D74 T tk_rename2
01115124 T TKSH_Cmds_Chdir
01115250 T TKGDI_BlitUpdate_EncodeCell8x8x1
01115394 T __bcd128_div
011153D4 T TK_GetCurrentTaskInfoKern
01115400 T TK_GetCurrentTaskInfoKern.debugbreak_L05CA
01115410 T __lvax_cmp_gt
01115494 T __fpu_frcpa
011154B8 T __lvo_setslot_cstgen
01115564 T tk_fsctl2
01115678 T tk_fat_ftell
01115680 T TKSH_LoadFileBuf
011156F0 T TKMM_LVA_TryGetSigTty
011158B0 T TKFAT_GetDirEntClusterRaw
011158B6 T TKFAT_GetDirEntClusterRaw.debugbreak_L05D5
011158C8 T TKFAT_GetDirEntClusterRaw.debugbreak_L05D6
01115904 T TKMM_LVA_ArrayInit
01115C5C T TKMM_InitBootParm
01115D40 T TK_Env_SetEnvVar
01115D60 T TKPE_LookupPboImageRelPath
01115FD8 T TK_VMem_VaVirtualFree
01116004 T TK_DlOpenB
0111607C T sanity_glColor4f
0111610C T tkmm_lva_oprsub_bigig
0111617C T TK_VMem_MovePageFrontLRU
011161A4 T TK_VMem_GetBTreeHybPageTableEntry
01116218 T tk_mgetbase
01116238 T tk_msettag
0111625C T TK_SchedAddTask
011162D4 T TK_VMem_FreeSwapPages
011162F2 T TK_VMem_FreeSwapPages.debugbreak_L05DC
0111637C T tk_getch_v
011163C4 T TK_Wad4_SizeToFxiU
011163E8 T _memset64
01116470 T TKMM_MallocUsr
01116490 T __lvax_div
01116548 T tk_vsprintf
01116744 T tk_atoi
011167EC T tkmm_lva_oprmod_bigig
0111683C T __xli_sdiv
011168DC T __lvax_conv_tof32
01116900 T TKGDI_CreateDisplay
01116C7C T TKPE_LookupPboImageName
01116CFC T tk_wad4_fioctl
01116D00 T tkmm_lva_oprand_bigig
01116D70 T TK_Midi_SetFmRegisterData
01116D88 T TKMM_MMList_CheckPtrIsHeap
01116DAC T tk_fat_fwrite
01116E50 T TKMM_MMList_AllocBrkCat
01116E62 T TKMM_MMList_AllocBrkCat.debugbreak_L05FB
01116FE6 T TKMM_MMList_AllocBrkCat.debugbreak_L05FC
01116FF4 T TKMM_MMList_AllocBrkCat.debugbreak_L05FD
01117030 T TKMM_MMList_AllocBrkCat.debugbreak_L05FE
0111703E T TKMM_MMList_AllocBrkCat.debugbreak_L05FF
01117068 T TKMM_MMList_AllocBrkCat.debugbreak_L0600
01117084 T __isr_tlbfault
01117158 T __isr_tlbfault.debugbreak_L0606
0111720C T TKMM_LVA_TrySetSigPtrVar
01117468 T tk_sysc_fputc
011174BC T TK_SpawnNewThreadB
01117638 T __freemem
01117658 T TK_Midi_PitchBlend
0111766C T tk_hopendir
011176B4 T tk_hreaddir
01117744 T TK_GetImageForIndex
01117754 T TKSH_Cmds_RecvXm
011177EC T __lva_add_gen
01117810 T TK_Con_UpdateHwCursor
01117838 T TK_VMem_SetBTreeHybPageTableEntry
011178CC T tk_devfs_opendir
01117920 T tk_shell_chksane
0111798C T tk_shell_chksane.debugbreak_L060C
011179C4 T tkfat_lfn2bytes
01117A10 T TKMM_PageFreeV
01117A70 T TKMM_PageAllocV
01117AC4 T TKFAT_CreateDirEntPathR
01117CF8 T TKGDI_QueryDisplay
01117D3C T __xbi_smul
01117D60 T tk_mount_devfs
01117DAC T tk_rmdir2
01117EB0 T TKMM_MProtectL
01117EE4 T __alloca_initvla1
01117F44 T log
01117FF0 T TK_VMem_WritePageToDisk
01118002 T TK_VMem_WritePageToDisk.debugbreak_L0617
01118018 T TK_VMem_WritePageToDisk.debugbreak_L0618
0111821C T sanity_getCtx
01118228 T __lvax_conv_toi128_gen
01118280 T TKMM_MunmapV
011182DC T TKMM_LVA_StrEncodeLengthRev
0111849C T tk_shell_chksane_memset
011184C4 T TKMM_LVA_GetTagInfoForName
0111857C T tk_munmap2
01118778 T TKFAT_SetupDirEntNewDirectory
0111890C T tk_wad4_opendir
01118AC0 T tk_sysc_fwrite
01118B3C T tk_bdspi_fgetc
01118B90 T tk_sysc_fseek
01118C00 T TKGDI_Snd_SetupOutputMode
01118CE8 T TKMM_FindFreePages
01118DD4 T Sys_CheckSanityB
01118E66 T Sys_CheckSanityB.debugbreak_L071D
01118E86 T Sys_CheckSanityB.debugbreak_L071E
01118EA2 T Sys_CheckSanityB.debugbreak_L071F
01118EBE T Sys_CheckSanityB.debugbreak_L0720
01118EDE T Sys_CheckSanityB.debugbreak_L0721
01118EFA T Sys_CheckSanityB.debugbreak_L0722
01118F16 T Sys_CheckSanityB.debugbreak_L0723
01118F30 T Sys_CheckSanityB.debugbreak_L0724
01118F62 T Sys_CheckSanityB.debugbreak_L0725
01118F7A T Sys_CheckSanityB.debugbreak_L0726
01118F92 T Sys_CheckSanityB.debugbreak_L0727
01118FAA T Sys_CheckSanityB.debugbreak_L0728
01118FD8 T Sys_CheckSanityB.debugbreak_L0729
01118FEC T Sys_CheckSanityB.debugbreak_L072A
01119000 T Sys_CheckSanityB.debugbreak_L072B
01119014 T Sys_CheckSanityB.debugbreak_L072C
01119044 T Sys_CheckSanityB.debugbreak_L072D
0111906E T Sys_CheckSanityB.debugbreak_L072E
0111909A T Sys_CheckSanityB.debugbreak_L072F
011190C8 T Sys_CheckSanityB.debugbreak_L0730
011190EA T Sys_CheckSanityB.debugbreak_L0731
0111911E T Sys_CheckSanityB.debugbreak_L0732
0111915A T Sys_CheckSanityB.debugbreak_L0733
01119184 T Sys_CheckSanityB.debugbreak_L0734
01119192 T Sys_CheckSanityB.debugbreak_L0735
011191A0 T Sys_CheckSanityB.debugbreak_L0736
011191AE T Sys_CheckSanityB.debugbreak_L0737
011191BC T Sys_CheckSanityB.debugbreak_L0738
011191CC T Sys_CheckSanityB.debugbreak_L0739
011191DC T Sys_CheckSanityB.debugbreak_L073A
011191EC T Sys_CheckSanityB.debugbreak_L073B
0111921C T Sys_CheckSanityB.debugbreak_L073C
01119236 T Sys_CheckSanityB.debugbreak_L073D
01119270 T Sys_CheckSanityB.debugbreak_L073E
01119294 T Sys_CheckSanityB.debugbreak_L073F
011192B8 T Sys_CheckSanityB.debugbreak_L0740
011192D4 T Sys_CheckSanityB.debugbreak_L0741
011192EE T Sys_CheckSanityB.debugbreak_L0742
0111930A T Sys_CheckSanityB.debugbreak_L0743
01119328 T Sys_CheckSanityB.debugbreak_L0744
0111933A T Sys_CheckSanityB.debugbreak_L0745
01119354 T Sys_CheckSanityB.debugbreak_L0746
01119364 T Sys_CheckSanityB.debugbreak_L0747
0111937C T Sys_CheckSanityB.debugbreak_L0748
011193A6 T Sys_CheckSanityB.debugbreak_L0749
011193CA T Sys_CheckSanityB.debugbreak_L074A
011193F2 T Sys_CheckSanityB.debugbreak_L074B
01119416 T Sys_CheckSanityB.debugbreak_L074C
01119440 T Sys_CheckSanityB.debugbreak_L074D
01119466 T Sys_CheckSanityB.debugbreak_L074E
0111949A T Sys_CheckSanityB.debugbreak_L074F
011194CE T Sys_CheckSanityB.debugbreak_L0750
011194EC T tkmm_lva_opror_bigig
0111955C T TKSH_ListDir
0111987C T tk_ps2addkeyevbyte
01119898 T tk_free_file
011198AC T tk_hmkdir
011198E8 T __bcd64_mul
0111991C T TK_Midi_SilenceAll
01119A10 T tk_wad4_rmdir
01119A3C T tk_ps2addkeyevword
01119AA8 T tk_devfs_fopen
01119B58 T sqrt
01119BC8 T TKPE_LoadDynPE
0111A228 T TKPE_LoadDynPE.debugbreak_L075B
0111A27A T TKPE_LoadDynPE.debugbreak_L075C
0111A5E8 T __bcd128_fromint
0111A66C T TKMM_LVA_AllocBigInt
0111A6A4 T tk_bdvfb_fclose
0111A6C8 T TK_YieldCurrentThreadB
0111A794 T TK_YieldCurrentThreadB.debugbreak_L0762
0111A7A4 T TKMM_LVA_VarObjFetchKey
0111A7FC T dblcvt
0111AE84 T TKSH_Cmds_Mkdir
0111AF08 T TKGDI_Snd_WriteModeSamples2
0111AFD0 T TKPE_ApplyDataRelocs
0111B1BA T TKPE_ApplyDataRelocs.debugbreak_L0768
0111B1E8 T tk_con_init
0111B2E0 T tk_print_hex_n
0111B31E T tk_print_hex_n.debugbreak_L076E
0111B420 T TKPE_SetupTaskForImage
0111B494 T TK_Wad4_ZFree
0111B4B8 T tk_bdvfb_fioctl
0111B4BC T TK_Midi_SetMasterParam
0111B4D4 T TKGDI_BlitSubImage
0111B8A0 T TKGDI_BlitUpdate_BlkUtx2_CCT
0111BA30 T TKMM_LVA_HashName
0111BA5C T tk_bdspi_fwrite
0111BAEC T THSH_CheckIsURI
0111BB2C T TK_GetCurrentTask
0111BB34 T __bcd128_add
0111BC68 T TK_VMem_AddPageFrontHash
0111BCB4 T tk_sysc_fclose
0111BD10 T TKSH_LookupCommand
0111BD6C T TKMM_MMCell_ChunkGetObjLen
0111BDC4 T tk_sysc_rename
0111BE6C T TK_Wad4_LumpEvFunc
0111BE80 T TK_DlSymB
0111BF04 T tkfat_memcmp11
0111BF40 T TK_VMem_AddSdSwap
0111BFA4 T TKFAT_SetupImageMagic
0111C004 T __lfn_146538B4/fn
0111C044 T TKFAT_GetDirEntCTime
0111C078 T TK_VMem_UnlinkPageLRU
0111C114 T TKMM_MMList_SetTag
0111C13C T __lvax_conv_toptr
0111C150 T TK_TaskAddPageAlloc
0111C1B0 T TK_Wad4_CreateNewLumpBasic
0111C290 T __lvo_loadindex_var
0111C306 T __lvo_loadindex_var.debugbreak_L0774
0111C44C T tk_irq_setUserIrq
0111C484 T TK_SuspendThreadB
0111C4C0 T vsprintf
0111C500 T TK_Env_SetCwd
0111C524 T tk_hread
0111C574 T tk_con_doremap
0111C60C T TK_VMem_VaFindFreePagesLowAslr
0111C6BC T TK_VMem_GetBTreePageTableEntry
0111C708 T TK_Wad4_CreateLink
0111C790 T __bcd64_mod
0111C7CC T tk_print_decimal_n
0111C864 T TKSH_Cmds_Echo
0111C8F4 T __lfn_46538B5/fn
0111C920 T tk_bdspi_fopen
0111C96C T TKFAT_DosDateToEpoch
0111C9EC T __close
0111CA18 T TK_Wad4_HashIndexForName32
0111CA80 T fsqrt_approx
0111CABC T TK_VMem_VaFindFreePages
0111CADC T TKMM_MmapL
0111CB18 T TKMM_MMList_GetTag
0111CB34 T TKMM_SetZoneTag
0111CBA8 T tk_rename
0111CBD8 T TKGDI_BlitUpdate_BlkRgb555_CCE
0111CC6C T TKGDI_BlitUpdate_BlkRgb555_CCE.debugbreak_L077A
0111CDD4 T tk_wad4_frecv
0111CDD8 T TKSH_HexUpdateLoop
0111D1F0 T TKFAT_SetDirEntSize
0111D218 T TK_SetUserIrqV
0111D274 T tk_bdvfb_fsend
0111D408 T exit
0111D428 T __lvo_storeindex_var
0111D4AC T __lvo_storeindex_var.debugbreak_L0780
0111D5AC T __lva_cons
0111D5E8 T tk_wad4_fputc
0111D63C T TK_VMem_CheckAddrIsLowVirtual
0111D66C T __umodsq
0111D76C T __umodsq.debugbreak_L0786
0111D780 T Sys_CheckSanityC
0111D7B4 T Sys_CheckSanityC.debugbreak_L07B9
0111D7D2 T Sys_CheckSanityC.debugbreak_L07BA
0111D7F0 T Sys_CheckSanityC.debugbreak_L07BB
0111D812 T Sys_CheckSanityC.debugbreak_L07BC
0111D830 T Sys_CheckSanityC.debugbreak_L07BD
0111D850 T Sys_CheckSanityC.debugbreak_L07BE
0111D870 T Sys_CheckSanityC.debugbreak_L07BF
0111D8C4 T Sys_CheckSanityC.debugbreak_L07C0
0111D8FC T Sys_CheckSanityC.debugbreak_L07C1
0111D934 T Sys_CheckSanityC.debugbreak_L07C2
0111D94C T tk_hclose
0111D990 T TK_Midi_NoteOff
0111DA64 T TKMM_MMList_AddVrmBrk
0111DA90 T TKMM_MMList_AddVrmBrk.debugbreak_L07C8
0111DB20 T main
0111DC24 T TK_Env_GetCwdQualifyName
0111DCB0 T __rename2
0111DD58 T tkmm_lva_oprdiv_bigig
0111DDA8 T __xlf_rcp
0111DEB4 T TKMM_MallocKrn
0111DED4 T __lva_cmpgt_gen
0111DEFC T tk_log2u
0111DF18 T __ioctl
0111DF48 T __bcd128_toint
0111DFC8 T TKGDI_GetHalContext
0111E068 T TKMM_SetTag
0111E0D0 T __operator_add(X3308X3308)X3308
0111E10C T TKSPI_ReadData
0111E3D8 T tk_bdram_init
0111E428 T __lva_conv_fromptr
0111E45C T TKMM_MMList_GetSize
0111E4A4 T __remove
0111E4C8 T TKGDI_AllocNewWindow
0111E5B0 T TKFAT_SyncSectorStaticBuffer
0111E660 T tk_wad4tmp_mount
0111E690 T tk_fat_fputc
0111E6DC T TK_Wad4_CreateLumpPathI
0111E808 T TKGDI_QueryAudioDevice
0111E80C T tk_fat_rename
0111EA24 T TKMM_PageFreeL
0111EA78 T tk_fat_fclose
0111EAB0 T __lvax_and
0111EB18 T tk_fat_readdir
0111ED40 T __smodsi3
0111ED50 T tk_bdspi_init
0111EF28 T __datetime
0111EFB8 T __operator_new
0111EFD4 T tk_multidir_fioctl
0111EFD8 T tk_mount_sysc
0111F008 T tk_mount_sysc.debugbreak_L07D3
0111F026 T tk_mount_sysc.debugbreak_L07D4
0111F034 T TK_Dbg_RecvFileXM
0111F248 T tk_vf_firstmount
0111F254 T TKMM_MMList_MallocCat
0111F27A T TKMM_MMList_MallocCat.debugbreak_L07DA
0111F288 T TK_ConGetCtxV
0111F2D0 T TKMM_MSyncL
0111F304 T TKSH_InitCmds
0111F48C T __get_cmdenv
0111F494 T __lva_sub_gen
0111F4B8 T tk_hwrite
0111F508 T TK_Wad4_GetCacheExpandLumpNum
0111F5EC T TKSH_Cmds_HexEdit
0111F670 T TK_EnvCtx_AllocContext
0111F6F8 T TKMM_PageAllocUsc
0111F74C T TKFAT_UpdateDirEnt
0111F75C T TKFAT_UpdateDirEnt.debugbreak_L07E5
0111F76E T TKFAT_UpdateDirEnt.debugbreak_L07E6
0111F79C T tk_hfsctl
0111F7E0 T fputc
0111F8E8 T TKFAT_LookupDirEntNameFlag
0111F906 T TKFAT_LookupDirEntNameFlag.debugbreak_L07EC
0111F95C T tk_mkdir
0111F988 T TKSH_Cmds_Rmdir
0111FA04 T tkmm_lva_opradd_bigig
0111FA74 T tk_wad4_mkdir
0111FAA4 T TK_Wad4_LookupLumpPath
0111FAC8 T TK_Wad4_ReadLumpBuffer
0111FCC8 T __alloca_initvla2
0111FD74 T TK_WithKrrSetuidB
011201A8 T tk_fputs
011201C6 T tk_fputs.debugbreak_L07F2
0112020C T TKPE_LookupPboImagePathExt
011202D4 T tk_multidir_create
0112035C T TK_Wad4_ZAllocBlock
01120394 T TKGDI_UpdateWindowStack
01120760 T TK_Wad4_LookupLumpName
011207AC T __bcd64_add
01120814 T tk_con_scroll_down
011208E0 T TKMM_LVA_InitTagOpr
01120AA8 T TKGDI_DestroyDisplay
01120AAC T tk_msize
01120AC8 T TK_Wad4_LookupLumpNameW4
01120BF0 T TK_Midi_NoteOn
0112112C T tk_con_clear
011211B8 T TK_DestroyTaskInfo
011211FC T TKSPI_WaitReady
01121238 T TK_GetTaskProcessTask
01121264 T tk_fat_opendir
0112138C T tk_malloc_cat
011213C4 T tk_fat_fread
0112141C T TKGDI_Snd_WriteStereoSamples2_8b
011214B8 T TK_EnvCtx_GetEnvVar
01121524 T __bcd64_sub
0112155C T TK_VMem_CheckAddrIsPhysPage
0112158C T tk_fcopy
011215B8 T tk_vf_register
011215CC T tk_mprotect2
011215FC T __unlink
0112166C T tk_fioctl
0112168E T tk_fioctl.debugbreak_L07F8
011216C8 T TK_EnvCtx_GetPathList
011216D8 T TKMM_LVA_UnwrapPointer
011216EC T TK_Con_SetColorBg
01121754 T tkfat_name2lfn
011218A0 T TKMM_PageAllocVaMap
01121900 T TKMM_Init
011219A8 T TKMM_Init.debugbreak_L07FE
011219F0 T tk_wad4_ftell
011219F8 T TKSH_EditUpdateLoop
01122018 T _memset16
011220D4 T tk_fcopy2
01122198 T __allocmem
011221BC T tk_bdvfb_fputc
01122210 T TKMM_MMList_WalkHeapObjects
01122298 T __lva_xor_gen
011222BC T TKSH_EdCheckExpandEditbuf
0112233C T TK_GetTimeMs
01122364 T tk_fat_fioctl
01122368 T TKMM_LVA_VarObjSetKey
01122564 T vvprintf
01122958 T __lva_div
01122A3C T __fn_46538CA
01122A44 T TK_FeLz32_DecodeBuffer
01122D64 T tkmm_lva_oprmul_bigig
01122DB4 T TKSH_Cmds_Ln
01122F30 T __lva_not_gen
01122F50 T __lvo_getslot_cstgen
01123014 T tk_bdvfb_fopen
01123068 T TKGDI_Snd_WriteMonoSamples2_8b
011230E0 T TKMM_InitMMap
01123180 T strrchr
011231C4 T TK_Wad4_UnlinkLumpPath
011231F4 T __xbi_clz
0112324C T __prolog_0008_00000200003C
01123258 T __bcd128_sub
011232C6 T __epilog_0009_00000200003C
011232D0 T TKSH_Cmds_Ed
01123354 T tk_wad4_rename
011233D4 T tk_shell_chksane_arith2
01123420 T tk_shell_chksane_arith2.debugbreak_L081D
01123430 T tk_shell_chksane_arith2.debugbreak_L081E
01123440 T tk_shell_chksane_arith2.debugbreak_L081F
0112344E T tk_shell_chksane_arith2.debugbreak_L0820
0112346A T tk_shell_chksane_arith2.debugbreak_L0821
01123484 T tk_shell_chksane_arith2.debugbreak_L0822
011234C8 T TK_FlushCacheL1D
01123510 T __udivsq
01123534 T tk_opendir
0112355C T TK_VMem_VaFreePages
011235DE T TK_VMem_VaFreePages.debugbreak_L0828
0112363C T tk_munlock2
01123640 T tk_bdvfb_ftell
01123648 T TKMM_LVA_WrapString
01123684 T TK_Con_SetColorFg
011236EC T __lvax_conv_tof64_gen
011237C4 T __alloca_noframe
01123810 T TK_TaskFreeAllPageAlloc
01123878 T tk_mlockall2
0112387C T tk_msync2
01123880 T tk_mount_wad4temp
0112393C T __vnf_c2f_rcp
0112398C T TK_Env_SetEnvVarI
01123A10 T TK_Wad4_CreateLumpPath
01123A34 T tk_mfreezone
01123A58 T __lvax_mul
01123B10 T tk_fsctl
01123B40 T TK_EnvCtx_CloneContext
01123BBC T TK_VMem_Init
01123BE8 T TK_VMem_Init.debugbreak_L082E
01124104 T __xbi_udiv
01124368 T tk_con_newline
011243B8 T TK_Env_UpdateForSet
01124408 T TKFAT_ReadImageFAT
011244B6 T TKFAT_ReadImageFAT.debugbreak_L0843
0112471A T TKFAT_ReadImageFAT.debugbreak_L0844
01124732 T TKFAT_ReadImageFAT.debugbreak_L0845
01124748 T TKFAT_ReadImageFAT.debugbreak_L0846
01124804 T __bcd128_mul
01124844 T TK_GetTimeUs
01124858 T tkfat_name2sfn
01124948 T __exec
0112494C T TK_Wad4_CreateTempRamImage
01124A90 T __xbi_sdiv
01124BB0 T TK_SmallFlushL1D
01124C14 T TKSH_TryLoad_n
01124D04 T tk_vmem_tlbmiss
01124D7C T tk_vmem_tlbmiss.debugbreak_L085B
01124D9C T tk_vmem_tlbmiss.debugbreak_L085C
01124DDA T tk_vmem_tlbmiss.debugbreak_L085D
01124E12 T tk_vmem_tlbmiss.debugbreak_L085E
01124E40 T tk_wad4_closedir
01124E68 T TK_CheckUserAccess
01124F00 T __read
01124F58 T TKMM_MMList_AllocObjCat
01124F70 T TKMM_MMList_AllocObjCat.debugbreak_L089B
01124FAA T TKMM_MMList_AllocObjCat.debugbreak_L089C
01124FB6 T TKMM_MMList_AllocObjCat.debugbreak_L089D
01124FC6 T TKMM_MMList_AllocObjCat.debugbreak_L089E
01124FDC T TKMM_MMList_AllocObjCat.debugbreak_L089F
01124FEA T TKMM_MMList_AllocObjCat.debugbreak_L08A0
01125014 T TKMM_MMList_AllocObjCat.debugbreak_L08A1
01125026 T TKMM_MMList_AllocObjCat.debugbreak_L08A2
01125036 T TKMM_MMList_AllocObjCat.debugbreak_L08A3
01125068 T TKMM_MMList_AllocObjCat.debugbreak_L08A4
0112508C T TKMM_MMList_AllocObjCat.debugbreak_L08A5
011250A0 T TKMM_MMList_AllocObjCat.debugbreak_L08A6
011250DC T TKPE_ApplyBaseRelocs
0112550E T TKPE_ApplyBaseRelocs.debugbreak_L08AC
01125540 T __smodsq
01125568 T TKFAT_GetDirEntMTime
0112559C T TK_PboGbrGetB
011255AC T tk_bdvfb_frecv
011255B0 T tk_free_dir
011255D0 T TKMM_MMCell_GetLnkObjCellSize
01125606 T TKMM_MMCell_GetLnkObjCellSize.debugbreak_L08BC
01125620 T TKMM_MMCell_GetLnkObjCellSize.debugbreak_L08BD
0112563A T TKMM_MMCell_GetLnkObjCellSize.debugbreak_L08BE
01125680 T __isr_interrupt
01125802 T __isr_interrupt.debugbreak_L08C4
01125910 T TKGDI_QueryCreateDisplay
01125A14 T TKSH_EdCheckExpandLines
01125A98 T tk_bdvfb_fseek
01125B4C T tk_wad4_fseek
01125C34 T __rename
01125C58 T TKGDI_ModifyDisplay
01125CA8 T tk_fat_mkdir
01125D30 T fwriteSlowT
011260F8 T __exita
01126116 T __exita.debugbreak_L08CA
01126128 T TKMM_PageFreeUsc
01126184 T tk_kbhit_i
011261BC T TKFAT_GetSectorStaticBuffer
011261DA T TKFAT_GetSectorStaticBuffer.debugbreak_L08D5
011262BC T TKFAT_GetSectorStaticBuffer.debugbreak_L08D6
011262F0 T __sigerr
011262F4 T TKGDI_BlitUpdate_BlkUtx2_CCT_Mask
011264CC T TKGDI_DrawCharBasic
011265C8 T __xlf_div
011265F8 T tk_sysc_closedir
01126660 T __lva_conv_fromi128
01126688 T __xbi_umul
011267A8 T TKMM_PageFree
011267CC T TK_Wad4_OpenImage
01126A94 T __lva_cmpeq_gen
01126ABC T TKSH_EditRedraw
01126FD4 T __xli_udiv
01127310 T TKGDI_Snd_WriteStereoSamples2
01127374 T TKSH_Cmds_Set
01127400 T tk_fstat2
0112750C T tkmm_lva_oprxor_bigig
0112757C T __lva_conv_fromstr
01127598 T TKSPI_Select
011275CC T TK_Midi_FindFreeVoice
01127644 T __lvax_conv_fromf32
01127664 T TKMM_MMList_Init
0112769C T tk_putc_v
011276EC T __start_early
01127790 T __lva_conv_tostring
01127940 T TK_Wad4_FxiToSize
01127964 T tk_vmem_aclmiss
01127A5C T tk_print_hexptr
01127A8C T TK_VMem_UnpackLz64Page
01127B3C T TK_VMem_UnpackLz64Page.debugbreak_L08DC
01127B4C T TKMM_MMList_GetPtrHeapIndex
01127B90 T TK_PboImgBaseSetB
01127BA0 T __get_stdin
01127BAC T tk_thread_entry
01127BD8 T TK_VMem_GetPageVAddr
01127BDC T TK_VMem_GetPageVAddr.debugbreak_L08E7
01127BEE T TK_VMem_GetPageVAddr.debugbreak_L08E8
01127C14 T _memmovef
01127DB4 T TK_DateToEpochUsec
01127ED4 T tk_sysc_mount
01127ED8 T TKSH_Cmds_Mount
01128098 T tk_sysc_exitpt
011280EA T tk_sysc_exitpt.debugbreak_L08EE
011280F8 T __fsctl
0112816C T tk_ps2kb_tryscanch
0112819C T tk_hclosedir
011281D0 T __start
01128202 T __start.debugbreak_L08F4
011285C0 T tk_con_scroll_up
011286C4 T __xli_umod
0112873E T __xli_umod.debugbreak_L08FA
01128750 T TKMM_LVA_TryGetSigSize
011287BC T TKMM_LVA_TryGetSigSize.debugbreak_L0900
011287C8 T TK_Wad4_HashIndexForName16
011287EC T tk_devfs_closedir
01128814 T TK_VMem_SetPageVAddr
01128818 T TK_VMem_SetPageVAddr.debugbreak_L090B
0112882A T TK_VMem_SetPageVAddr.debugbreak_L090C
0112884C T tk_sysc_fgetc
011288A0 T TK_VMem_SetBTreePageTableEntry
011288FC T exp
01128930 T __get_stderr
0112893C T TKMM_LVA_StrdupPfx
01128AD0 T TKMM_AllocPage
01128B76 T TKMM_AllocPage.debugbreak_L0912
01128B84 T TKGDI_DestroyAudioDevice
01128B88 T __vnf_vqf_div
01128BB8 T TK_EnvCtx_SplitVar
01128C00 T tk_hioctl
01128C50 T tk_hunlink
01128C88 T tk_bdspi_fputc
01128CDC T TKMM_LVA_WrapFlonum
01128CEC T __lva_and_gen
01128D10 T TKGDI_BlitUpdate_FillEncode2Tab
01128D50 T TKSH_Cmds_Rm
01128DCC T tk_con_reset
01128E10 T __alloca_wxe
01128E5C T __umodsi3
01128E6C T TKFAT_ReadWriteDirEntFile
01128EA0 T TKFAT_ReadWriteDirEntFile.debugbreak_L0927
01128F04 T TKFAT_ReadWriteDirEntFile.debugbreak_L0928
01128F20 T TKFAT_ReadWriteDirEntFile.debugbreak_L0929
01129050 T TKFAT_ReadWriteDirEntFile.debugbreak_L092A
0112911C T TKMM_FreePages
0112913A T TKMM_FreePages.debugbreak_L0930
011291BC T TK_Wad4_ZChangeTagEvict
011291D8 T TKSH_HexRedraw
0112961C T tk_mgetzone
0112963C T TKMM_LVA_TryGetSigPtrVar
011298AC T TK_Wad4_AllocImage
01129904 T TKMM_LVA_TagInit
0112996C T strdup
011299AC T TKMM_FreeZone
011299DC T TK_VMem_VaFindFreePagesLow
011299FC T TKMM_LVA_ObjrefGetTypeTag
01129A5C T tk_fat_unlink
01129AD8 T TKFAT_LookupDirEntName
01129B10 T __xli_smod
01129B4C T TKMM_MProtectV
01129BB8 T __moddi3
01129BC8 T tk_putc_i
01129C14 T tk_wad4_fgetc
01129C68 T TKGDI_ScreenMarkDirty
01129CB4 T TK_VMem_UnpackCompactedPage
01129D40 T TK_VMem_UnpackCompactedPage.debugbreak_L0936
01129D4C T __lva_rcons
01129D88 T tk_devfs_init
01129DB0 T __assert
01129DF0 T __lva_or_gen
01129E14 T TK_Wad4_GetLumpDirName
01129E94 T TKMM_MMList_AllocBrk
01129EB2 T tk_bcd64_fromint_asm
01129EB6 T TKMM_LVA_VarObjFetchKeyA
01129EFC T TKMM_LVA_VarObjFetchKeyA.Found1
01129EFE T TKMM_LVA_VarObjFetchKeyA.Found
01129F04 T TKMM_LVA_VarObjFetchKeyA.NotFound
01129F08 T TKMM_LVA_VarObjSetKeyA
01129F54 T TKMM_LVA_VarObjSetKeyA.Found1
01129F56 T TKMM_LVA_VarObjSetKeyA.Found
01129F5C T TKMM_LVA_VarObjSetKeyA.NotFound
01129F60 T strlen
01129F64 T strlen.L0
01129F72 T strlen.L1
01129F7A T strcmp
01129F80 T strcmp.L0
01129FA2 T strcmp.L1
01129FB8 T strcmp.L3
01129FC4 T strcmp.L2
01129FC6 T strncmp
01129FC8 T strncmp.L0
01129FF2 T strncmp.L1
0112A00A T strncmp.L3
0112A014 T strncmp.L2
0112A016 T strcat
0112A01A T strcat.L0
0112A028 T strcat.L1
0112A02A T strcat.L2
0112A040 T strcat.L3
0112A052 T tkmm_bigint_add
0112A092 T tkmm_bigint_sub
0112A0D2 T tkmm_bigint_and
0112A110 T tkmm_bigint_or
0112A14E T tkmm_bigint_xor
0112A18C T __lvax_fixnump
0112A196 T __lvax_flonump
0112A1A0 T __lvax_conv_toi128
0112A1B6 T __lvax_conv_toi128.L0
0112A1BA T __lvax_conv_fromi128
0112A1C2 T __lvax_conv_toi32
0112A1D2 T __lvax_conv_toi32.L0
0112A1D6 T __lvax_conv_toi64
0112A1E4 T __lvax_conv_toi64.L0
0112A1E8 T __lvax_conv_fromi32
0112A1E8 T __lvax_conv_fromi64
0112A1F4 T __lvo_getslot_cst
0112A212 T __lvo_getslot_cst.Generic
0112A216 T __lvo_setslot_cst
0112A236 T __lvo_setslot_cst.Generic
0112A23A T feclearexcept
0112A250 T fegetenv
0112A250 T fegetexceptflag
0112A25C T fesetenv
0112A25C T feupdateenv
0112A27A T fesetexceptflag
0112A2A0 T fegetround
0112A2AC T fesetround
0112A2CC T feholdexcept
0112A2E8 T feraiseexcept
0112A2EC T fetestexcept
0112A2F8 T TK_EncBlock16P
0112A34E T TK_EncBlock16P.L0
0112A62C T tk_vmem_l1flush
0112A63C T tk_vmem_l1flush.L0
0112A64E T tk_vmem_do_ldtlb
0112A672 T tk_vmem_loadacl
0112A678 T tk_vmem_setsrjq
0112A69C T tk_vmem_loadpte
0112A700 T __xbi_shll
0112A700 T __xbi_shl
0112A706 T __xbi_shll.L0
0112A71E T __xbi_shll.L1
0112A72A T __xbi_shll.L2
0112A740 T __xbi_shll.Lend
0112A742 T __xbi_shlr
0112A748 T __xbi_shlr.L0
0112A75E T __xbi_shlr.L1
0112A75E T __xbi_shlr.L2
0112A774 T __xbi_shlr.Lend
0112A776 T __xbi_shar
0112A77C T __xbi_shar.L0
0112A792 T __xbi_shar.L1
0112A792 T __xbi_shar.L2
0112A7A8 T __xbi_shar.Lend
0112A7AA T TKPE_UnpackL6
0112A7B0 T TKPE_UnpackL6.L0
0112A7E0 T TKPE_UnpackL6.L1
0112A832 T TKPE_UnpackL6.Cont
0112A836 T TKPE_UnpackL6.Done
0112A83A T TKPE_UnpackL6.Copy
0112A856 T TKPE_UnpackL6.CopyL1
0112A876 T TKPE_UnpackL6.CopyL1S
0112A896 T TKPE_UnpackL6.CopyL1B
0112A8AA T TKPE_UnpackL6.CopyRLE
0112A8C0 T TKPE_UnpackL6.CopyRLE_L1
0112A8D0 T TKPE_UnpackL6.CopyRLE1
0112A8E0 T TKPE_UnpackL6.CopyRLE2
0112A8EC T TKPE_UnpackL6.CopyRLE4
0112A8F8 T TKPE_UnpackL6.CopyRLE3
0112A912 T TKPE_UnpackL6.CopyRLEN_L1
0112A928 T malloc
0112A932 T _malloc_cat
0112A93A T _msize
0112A942 T malloc_usable_size
0112A94A T free
0112A952 T realloc
0112A95A T abs
0112A964 T labs
0112A970 T __xlf_neg
0112A97C T __xlf_mul
0112AA1C T __xlf_mul.RetZero
0112AA20 T __xlf_mul.Ret
0112AA32 T __xlf_sub
0112AA3C T __xlf_add
0112AB0A T __xlf_add.L0
0112AB22 T __xlf_add.L1
0112AB2A T __xlf_add.L2
0112AB3A T __xlf_add.L3
0112AB4E T __xlf_add.Ret
0112AB66 T __xlf_add.RetZero
0112AB6C T __xlf_cmp_eq
0112ABA8 T __xlf_cmp_eq.L0
0112ABB8 T __xlf_cmp_eq.L1
0112ABBC T __xlf_cmp_eq.False
0112ABC0 T __xlf_cmp_ne
0112ABD0 T __xlf_cmp_ne.True
0112ABD4 T __xlf_cmp_gt
0112ABE2 T __xlf_cmp_gt.N0
0112ABEC T __xlf_cmp_gt.P0
0112ABF6 T __xlf_cmp_gt.PP
0112AC06 T __xlf_cmp_gt.NN
0112AC16 T __xlf_cmp_gt.False
0112AC1A T __xlf_cmp_gt.True
0112AC1E T __xlf_cmp_ge
0112AC2C T __xlf_cmp_ge.N0
0112AC36 T __xlf_cmp_ge.P0
0112AC40 T __xlf_cmp_ge.PP
0112AC50 T __xlf_cmp_ge.NN
0112AC60 T __xlf_cmp_ge.False
0112AC64 T __xlf_cmp_ge.True
0112AC68 T htobe64
0112AC68 T be64toh
0112AC76 T htole64
0112AC76 T le64toh
0112AC7A T htobe32
0112AC7A T be32toh
0112AC7A T htonl
0112AC7A T ntohl
0112AC82 T htole32
0112AC82 T le32toh
0112AC88 T htobe16
0112AC88 T be16toh
0112AC88 T htons
0112AC88 T ntohs
0112AC90 T htole16
0112AC90 T le16toh
0112AC96 T __xbi_neg
0112AC9A T __xbi_neg.L0
0112ACBE T __xbi_not
0112ACBE T __xbi_not.L0
0112ACD6 T __xbi_isneg
0112ACE6 T _tk_divtab
0112B0E6 T _tk_divtab_sh
0112B1E6 T __udivsi3_tab
0112B1EE T __udivsi3_tab.L3
0112B1F2 T __udivsi3_tab.L0
0112B218 T __xlf_todbl
0112B268 T __xlf_todbl.RangeFail
0112B278 T __xlf_todbl.Inf
0112B286 T __xlf_fromdbl
0112B2CC T __xlf_toint
0112B2D6 T __xlf_fromint
0112B2E2 T __sfp_fmul_f32
0112B37E T __sfp_fmul_f32.rtz
0112B382 T __lva_conv_fromi32
0112B38C T __lva_conv_fromi64
0112B392 T __lva_conv_fromf64
0112B392 T __lva_conv_fromf32
0112B398 T __lva_conv_fromvec2f
0112B3CA T tolower
0112B3DA T toupper
0112B3EA T __lva_add
0112B412 T __lva_add.II
0112B41C T __lva_add.IF
0112B430 T __lva_add.FI
0112B444 T __lva_add.FF
0112B44C T __lva_add.FF2
0112B456 T __lva_sub
0112B47E T __lva_sub.II
0112B488 T __lva_sub.IF
0112B49C T __lva_sub.FI
0112B4B0 T __lva_sub.FF
0112B4B8 T __lva_sub.FF2
0112B4C2 T __lva_and
0112B4EA T __lva_and.II
0112B4F0 T __lva_and.IF
0112B504 T __lva_and.FI
0112B518 T __lva_and.FF
0112B528 T __lva_and.II2
0112B532 T __lva_or
0112B55A T __lva_or.II
0112B560 T __lva_or.IF
0112B574 T __lva_or.FI
0112B588 T __lva_or.FF
0112B598 T __lva_or.II2
0112B5A2 T __lva_xor
0112B5CA T __lva_xor.II
0112B5D4 T __lva_xor.IF
0112B5E8 T __lva_xor.FI
0112B5FC T __lva_xor.FF
0112B60C T __lva_xor.II2
0112B616 T __lva_shl
0112B63E T __lva_shl.II
0112B648 T __lva_shl.IF
0112B65C T __lva_shl.FI
0112B670 T __lva_shl.FF
0112B680 T __lva_shl.II2
0112B68A T __lva_shr
0112B6B2 T __lva_shr.II
0112B6BE T __lva_shr.IF
0112B6D2 T __lva_shr.FI
0112B6E6 T __lva_shr.FF
0112B6F6 T __lva_shr.II2
0112B702 T __lva_neg
0112B716 T __lva_neg.LI
0112B720 T __lva_neg.LF
0112B72A T __lva_not
0112B738 T __lva_not.LI
0112B744 T __lva_cmp_eq
0112B76C T __lva_cmp_eq.II
0112B772 T __lva_cmp_eq.IF
0112B786 T __lva_cmp_eq.FI
0112B79A T __lva_cmp_eq.FF
0112B7A2 T __lva_cmp_eq.FF2
0112B7A8 T __lva_cmp_gt
0112B7D0 T __lva_cmp_gt.II
0112B7DE T __lva_cmp_gt.IF
0112B7F2 T __lva_cmp_gt.FI
0112B806 T __lva_cmp_gt.FF
0112B80E T __lva_cmp_gt.FF2
0112B814 T __lva_inc
0112B828 T __lva_inc.LI
0112B832 T __lva_inc.LF
0112B844 T __lva_dec
0112B858 T __lva_dec.LI
0112B862 T __lva_dec.LF
0112B874 T __xli_add
0112B880 T __xli_sub
0112B88C T __xli_and
0112B896 T __xli_or
0112B8A0 T __xli_xor
0112B8AA T __xli_neg
0112B8B6 T __xli_not
0112B8C0 T __xli_shl
0112B8E4 T __xli_shl.L0
0112B8F0 T __xli_shl.L1
0112B8F6 T __xli_shlr
0112B91E T __xli_shlr.L0
0112B92C T __xli_shlr.L1
0112B932 T __xli_shar
0112B95A T __xli_shar.L0
0112B96A T __xli_shar.L1
0112B970 T __xli_umuldq
0112B9B2 T __xli_umul
0112B9B2 T __xli_smul
0112B9F6 T __xli_umul_hi
0112BA70 T __xli_cmp_eq
0112BA80 T __xli_cmp_eq.False
0112BA84 T __xli_cmp_ne
0112BA94 T __xli_cmp_ne.True
0112BA98 T __xli_cmp_gt
0112BAAA T __xli_cmp_gt.True
0112BAAE T __xli_cmp_gt.False
0112BAB2 T __xli_cmp_ge
0112BAC4 T __xli_cmp_ge.True
0112BAC8 T __xli_cmp_ge.False
0112BACC T __xli_cmp_hi
0112BADE T __xli_cmp_hi.True
0112BAE2 T __xli_cmp_hi.False
0112BAE6 T __xli_cmp_he
0112BAF8 T __xli_cmp_he.True
0112BAFC T __xli_cmp_he.False
0112BB00 T __xli_cmp_tst
0112BB10 T __xli_cmp_tst.True
0112BB14 T __xli_cmp_ntst
0112BB24 T __xli_cmp_ntst.False
0112BB28 T _start
0112BB6A T _exit
0112BB7C T zero_bss
0112BB8A T zero_bss.L0
0112BB96 T isr_except
0112BBA2 T isr_inter
0112BBB0 T isr_tlbfault
0112BBBE T isr_syscall
0112BC00 T isr_table
0112BC28 T tk_getsavedvbr
0112BC38 T __umullq
0112BC3E T __smullq
0112BC44 T __umulsq
0112BC44 T __smulsq
0112BC64 T __umuldq
0112BCA6 T __smuldq
0112BCE8 T __tk_farcall
0112BCF4 T __longj_sys
0112BD0C T __longj
0112BE20 T __setj_sys
0112BE32 T __setj
0112BF34 T __va64_arg_i
0112BF52 T __va64_arg_i.L0
0112BF64 T __va64_arg_l
0112BF82 T __va64_arg_l.L0
0112BF9C T __va64_arg_x
0112BFC8 T __va64_arg_x.L0
0112BFE8 T __memcpy32
0112BFEC T __memcpy32.L0
0112BFFA T __memcpy64
0112BFFE T __memcpy64.L0
0112C00C T __memcpy128
0112C010 T __memcpy128.L0
0112C026 T __memcpy8_16
0112C034 T memcpy_movx
0112C05C T memcpy_movx.L0A
0112C064 T memcpy_movx.L0
0112C086 T memcpy_movx.L1
0112C08C T memcpy_movx.L2
0112C0A6 T memcpy_movx.L3
0112C0E2 T memcpy_movx.L5
0112C0E4 T memcpy_movx_f
0112C10C T memcpy_movx_f.L0A
0112C114 T memcpy_movx_f.L0
0112C136 T memcpy_movx_f.L1
0112C13C T memcpy_movx_f.L2
0112C156 T memcpy_movx_f.L3
0112C158 T memcpy
0112C16C T memcpy.L0
0112C19E T memcpy.L1
0112C1A4 T memcpy.L2
0112C1BE T memcpy.L3
0112C1F6 T _memcpyf
0112C20C T _memcpyf.L0
0112C23E T _memcpyf.L1
0112C244 T _memcpyf.L2
0112C25E T _memcpyf.L3
0112C260 T sleep_0
0112C264 T __fpu_frcp
0112C26E T __fpu_frcp.L0
0112C2C4 T __fpu_frcp_s
0112C2CE T __fpu_frcp_s.L0
0112C310 T __fpu_fdiv
0112C324 T __fpu_fdiv_s
0112C338 T __fpu_frcp_sf
0112C38A T __fpu_fdiv_sf
0112C3D6 T TKPE_DecodeBufferRP2
0112C3DC T TKPE_DecodeBufferRP2.L0
0112C41A T TKPE_DecodeBufferRP2.L2
0112C43E T TKPE_DecodeBufferRP2.L3
0112C466 T TKPE_DecodeBufferRP2.L4
0112C484 T TKPE_DecodeBufferRP2.L5
0112C492 T TKPE_DecodeBufferRP2.L5_1
0112C49A T TKPE_DecodeBufferRP2.L5_0
0112C4C4 T TKPE_DecodeBufferRP2.L6
0112C528 T TKPE_DecodeBufferRP2.L7
0112C550 T TKPE_DecodeBufferRP2.L8
0112C564 T TKPE_DecodeBufferRP2.L9
0112C592 T TKPE_DecodeBufferRP2.L12
0112C5A8 T TKPE_DecodeBufferRP2.L11
0112C5C4 T TKPE_DecodeBufferRP2.L10
0112C5CA T TKPE_DecodeBufferRP2.L1
0112C5D0 T memset_movx
0112C5EC T memset_movx.L0
0112C600 T memset_movx.L1
0112C606 T memset_movx.L2
0112C618 T memset_movx.L3
0112C61A T memset_filx
0112C630 T memset_filx.L0
0112C644 T memset_filx.L1
0112C64A T memset_filx.L2
0112C65C T memset_filx.L3
0112C65E T TKGDI_BlitUpdate_ScanCopy
0112C668 T TKGDI_BlitUpdate_ScanCopy.loop
0112C6DA T TKGDI_BlitUpdate_ScanCopy.done
0112C6DC T TKGDI_BlitUpdate_ScanCopy_Flip
0112C6E2 T TKGDI_BlitUpdate_ScanCopy_Flip.loop
0112C714 T TKGDI_BlitUpdate_ScanCopy_Flip.done
0112C716 T TK_WithKrrEncodeKey
0112C726 T __xbi_add
0112C728 T __xbi_add.L0
0112C74E T __xbi_sub
0112C750 T __xbi_sub.L0
0112C776 T __xbi_and
0112C776 T __xbi_and.L0
0112C798 T __xbi_or
0112C798 T __xbi_or.L0
0112C7BA T __xbi_xor
0112C7BA T __xbi_xor.L0
0112C7DC T _mtx_sync_get
0112C7E6 T _mtx_sync_set
0112C7F4 T tk_shell_chksane_simd_asm
0112CA98 T tk_shell_chksane_simd_asm.J0L0
0112CA9E T tk_shell_chksane_simd_asm.J0L1
0112CAA4 T tk_shell_chksane_simd_asm.J0L2
0112CAAA T tk_shell_chksane_simd_asm.J0L3
0112CAB6 T tk_fcn_clz
0112CABC T tk_fcn_clzq
0112CAC2 T tk_shell_chksane_rgb5_asm
0112CAE2 T tk_shell_chksane_rgb5_asm.L0
0112CB2A T tk_shell_chksane_rgb5_asm.L1
0112CBCA T tk_shell_chksane_rgb5_asm.L2
0112CC12 T tk_shell_chksane_rgb5_asm.L2B
0112CC82 T tk_shell_chksane_rgb5_asm.L3
0112CCEA T tk_shell_chksane_rgb5_asm.L4A0
0112CD58 T tk_shell_chksane_fmovs_i
0112CD5A T tk_shell_chksane_fmovs_i.L0
0112CD7A T tk_shell_chksane_fmovs_i.L1
0112CDAA T tk_shell_chksane_fmovs_i.L2
0112CDEE T tk_shell_chksane_fmovs_i.L4
0112CE1E T tk_shell_chksane_fmovs_i.L5
0112CE56 T tk_shell_chksane_fmovs
0112CE58 T tk_shell_chksane_fmovs.LA0
0112CE6C T tk_shell_chksane_fmovs.LA1
0112CE80 T tk_shell_chksane_fmovs.LA2
0112CE94 T tk_shell_chksane_fmovs.LA3
0112CED2 T tk_shell_chksane_padds_sf
0112CEDC T tk_shell_chksane_pmuls_sf
0112CEE6 T TK_GetRandom
0112CEF0 T _fcn_clz32
0112CF6C T __udivsi3_i
0112CFA6 T __udivsi3_i.L0
0112CFC8 T __udivsi3_i.L4
0112D03E T __udivsi3_i.L1
0112D06C T __udivsi3_i.L2
0112D07E T __udivsi3_i.Ret_Zero
0112D082 T __udivsi3_i.Ret_R16
0112D086 T __udivsi3
0112D08A T __sdivsi3
0112D0C0 T TK_FlushCacheL1D_INVDC
0112D0CA T TK_FlushCacheL1D_INVIC
0112D0D4 T TK_FlushCacheL1D_ReadBuf
0112D0D4 T TK_FlushCacheL1D_ReadBuf.L0
0112D0E0 T __lva_fixnump
0112D0EA T __lva_flonump
0112D0F4 T __lva_conv_toi32
0112D104 T __lva_conv_toi32.LI
0112D10A T __lva_conv_toi32.LF
0112D114 T __lva_conv_toi64
0112D124 T __lva_conv_toi64.LI
0112D12E T __lva_conv_toi64.LF
0112D138 T __lva_conv_tof64
0112D138 T __lva_conv_tof32
0112D148 T __lva_conv_tof64.LI
0112D156 T __lva_conv_tof64.LF
0112D15C T TKPE_CalculateImagePel4BChecksum
0112D166 T TKPE_CalculateImagePel4BChecksum.L0
0112D1D6 T _fcn_clz64
0112D28E T __udivdi3
0112D2C8 T __udivdi3.L0
0112D2EA T __udivdi3.L4
0112D360 T __udivdi3.L1
0112D38E T __udivdi3.L2
0112D398 T __udivdi3.Ret_Zero
0112D39C T __udivdi3.Ret_R16
0112D3A0 T __sdivdi3
0112D3D6 T __v2f_float2
0112D3D6 T __c2f_float2
0112D3D6 T __m64_float2
0112D3E4 T __v3f_float3
0112D3E4 T __m128_float3
0112D3F4 T __v4f_float4
0112D3F4 T __vqf_float4
0112D3F4 T __m128_float4
0112D40E T __v2d_double2
0112D40E T __c2d_double2
0112D40E T __m128_double2
0112D414 T __vnf_v2f_add
0112D414 T __vnf_c2f_add
0112D41A T __vnf_v2f_sub
0112D41A T __vnf_c2f_sub
0112D420 T __vnf_v2f_mul
0112D426 T __vnf_v2f_dot
0112D436 T __vnf_v2f_cross
0112D44A T __vnf_c2f_mul
0112D468 T __vnf_v2d_add
0112D468 T __vnf_c2d_add
0112D472 T __vnf_v2d_sub
0112D472 T __vnf_c2d_sub
0112D47C T __vnf_v2d_mul
0112D486 T __vnf_v2d_dot
0112D494 T __vnf_v2d_cross
0112D4A2 T __vnf_v3f_add
0112D4A2 T __vnf_v4f_add
0112D4A2 T __vnf_vqf_add
0112D4A8 T __vnf_v3f_sub
0112D4A8 T __vnf_v4f_sub
0112D4A8 T __vnf_vqf_sub
0112D4AE T __vnf_v3f_mul
0112D4AE T __vnf_v4f_mul
0112D4B4 T __vnf_vqf_mul
0112D4F6 T __vnf_v3f_cross
0112D4F6 T __vnf_v4f_cross
0112D516 T __vnf_v3f_dot
0112D52E T __vnf_v4f_dot
0112D544 T __v3fq_float3
0112D58C T __v3fq_unpackx2
0112D5A6 T __v3fq_packx
0112D5E8 T __vnf_v3fq_add
0112D5F4 T __vnf_v3fq_sub
0112D600 T __vnf_v3fq_mul
0112D60C T __vnf_v3fq_dot
0112D616 T __vnf_v3fq_cross
0112D622 T __vnf_v3fq_from_v3f
0112D664 T __vnf_v3f_from_v3fq
0112D66E T __vnf_v4h_from_v4f
0112D67E T __vnf_v4f_from_v4h
0112D688 T __v4h_float4
0112D6B2 T __v3fx_float3
0112D6D4 T __v3fx_unpackx2
0112D6FA T __vnf_v3fx_add
0112D712 T __vnf_v3fx_sub
0112D72A T __vnf_v3fx_mul
0112D742 T __vnf_v3fx_dot
0112D75E T __xbi_cmp_eq
0112D760 T __xbi_cmp_eq.L0
0112D782 T __xbi_cmp_eq.Ltrue
0112D786 T __xbi_cmp_eq.Lfalse
0112D78A T __xbi_cmp_ne
0112D78C T __xbi_cmp_ne.L0
0112D7AE T __xbi_cmp_ne.Lfalse
0112D7B2 T __xbi_cmp_ne.Ltrue
0112D7B6 T __xbi_cmp_gt
0112D7C6 T __xbi_cmp_gt.L0
0112D7EC T __xbi_cmp_gt.Lne1
0112D7F4 T __xbi_cmp_gt.Lne2
0112D7FC T __xbi_cmp_ge
0112D80C T __xbi_cmp_ge.L0
0112D832 T __xbi_cmp_ge.Lne1
0112D83A T __xbi_cmp_ge.Lne2
0112D842 T __xbi_cmp_hi
0112D852 T __xbi_cmp_hi.L0
0112D878 T __xbi_cmp_hi.Lne1
0112D880 T __xbi_cmp_hi.Lne2
0112D888 T __xbi_cmp_he
0112D898 T __xbi_cmp_he.L0
0112D8BE T __xbi_cmp_he.Lne1
0112D8C6 T __xbi_cmp_he.Lne2
0112D8CE T __xbi_iszero
0112D8CE T __xbi_iszero.L0
0112D8EA T __xbi_iszero.Ltrue
0112D8EE T __xbi_iszero.Lfalse
0112D8F8 T __start_init
0112D914 T __text_end
0112F580 T TKMM_LVA_TryGetSigSize/szarr_base!4024
0112F5E0 T TKMM_LVA_TryGetSigSize/szarr_d!4024
0112F640 T TKMM_LVA_TryGetSigSize/szarr_c!4024
0112F6A0 T TU459212AA/tk_mdtab_cy
0112F6D0 T TU459212AA/tk_mdtab_ly
0112F700 T tkgdi_context_vtable_vt
0112F780 T TU459212AA/tkfat_tuc52
0112F800 T __data_start
0112F800 T __global_ptr
0112F808 T tksh_edit_cur_y
0112F80C T tksh_edit_cur_x
0112F810 T tksh_edit_redraw
0112F811 T tksh_edit_ctrl
0112F818 T tksh_editlines
0112F820 T tk_vmem_pagebmp
0112F828 T tkgdi_vid_screendirty
0112F830 T tk_con
0112F838 T tkgdi_vid_screenutx
0112F840 T tk_midi_regs
0112F848 T tksh_num_editlines
0112F84C T tksh_edit_base_y
0112F850 T tksh_edit_fname
0112F858 T tksh_edit_base_x
0112F85C T tksh_edit_sel_sy
0112F860 T tk_vmem_pageinf
0112F868 T tksh_edit_sel_sx
0112F86C T tkgdi_n_windows
0112F870 T tksh_hex_bufsz
0112F874 T tkspi_ctl_status
0112F878 T tk_dbg_recvfile
0112F880 T tkgdi_vid_rowstride
0112F884 T tksh_edit_sel_ey
0112F888 T TU459212AA/tk_con_isesc
0112F88C T tkgdi_vid_frnum
0112F890 T tkmm_lva_syms_name
0112F898 T tksh_edit_sel_ex
0112F89C T tk_vmem_pagerov
0112F8A0 T tkpe_nimgix
0112F8A4 T TU459212AA/tk_con_escval0
0112F8A8 T tk_vmem_pagevnz
0112F8B0 T tk_vf_freelist
0112F8B8 T tk_sched_ntask
0112F8BC T tkgdi_vid_scrmode
0112F8C0 T TKMM_PageAlloc_f
0112F8C8 T TU459212AA/tk_open_reclim
0112F8CC T tkgdi_vid_cellstride
0112F8D0 T TU459212AA/n_irq_timer
0112F8D4 T tk_vmemavl_freelist
0112F8D8 T tk_task_max
0112F8DC T tkmm_pagerov
0112F8E0 T TU459212AA/dma_pos
0112F8E4 T tk_vmem_lru_free
0112F8E8 T tk_vf_mount
0112F8F0 T tksh_cur_editline
0112F8F4 T btshx_tk_nhandles
0112F8F8 T tk_vmem_swap_disable
0112F8FC T TU459212AA/tk_opendir_reclim
0112F900 T tk_print_hex_n/chrs!2860
0112F908 T tk_lva_strbuf_buf
0112F910 T tkgdi_n_window_vis
0112F914 T tkgdi_n_contexts
0112F918 T tk_vmem_pagecmz
0112F920 T tk_sprint_hex_n/chrs!4384
0112F928 T tk_wad4_tcbuf
0112F930 T tk_vmem_pagecache
0112F938 T tk_print_hex/chrs!2857
0112F940 T TKMM_PageFree_f
0112F948 T tk_vmem_usrexpage
0112F950 T bootparm
0112F958 T tkmm_lva_ntag
0112F95C T tkgdi_vid_xsize
0112F960 T tk_sprint_hex/chrs!4383
0112F968 T tk_getch_fn
0112F970 T tksh_edittextbuf
0112F978 T tk_kbhit_fn
0112F980 T tkmm_lva_syms_chn
0112F988 T tk_vmem_npage
0112F98C T tkgdi_vid_ysize
0112F990 T tk_vmem_swap_lba
0112F998 T tk_seed1_aslr
0112F9A0 T TU459212AA/dmarov
0112F9A4 T tkmm_maxpage
0112F9A8 T tkspi_ctl_speed
0112F9AC T TU459212AA/dma_bits
0112F9B0 T TU459212AA/snd_dmabuf
0112F9B8 T tk_ralloc_bufs
0112F9C0 T tk_ralloc_bufr
0112F9C8 T TU459212AA/dma_chan
0112F9CC T tkmm_mmlist_n_vrm
0112F9D0 T tk_vmem_lru_first
0112F9D4 T tk_dbg_iscopy
0112F9D8 T tk_seed2_aslr
0112F9E0 T tk_lva_strbuf_pos
0112F9E8 T tk_wad4_zlive
0112F9F0 T tk_putc_fn
0112F9F8 T tk_sysc_exit
0112FA00 T tkmm_lva_clsinfo
0112FA08 T tk_vmem_swap_psz
0112FA0C T tk_vmem_lru_last
0112FA10 T tkmm_lvatyi_string
0112FA14 T TU459212AA/tk_ps2_kbposs
0112FA15 T TU459212AA/tk_ps2_kbpose
0112FA18 T tk_vmem_maxpage
0112FA1C T tk_wad4_zmemuse
0112FA20 T tkmm_lvatyi_long
0112FA24 T TU459212AA/tkfat_rdbuf_clid
0112FA28 T TU459212AA/tk_con_escval1
0112FA2C T tkmm_ramkib
0112FA30 T tk_vmem_page_tcbuf
0112FA38 T tk_vmem_usrexonly
0112FA40 T tkmm_lvatyi_tagobj
0112FA44 T tkmm_lvatyi_tagarray
0112FA48 T tk_devfs_dev
0112FA50 T tkmm_lvatyi_ulong
0112FA54 T tksh_cmdentry
0112FA58 T TKMM_MProtectF
0112FA60 T TU459212AA/wbufrov
0112FA64 T tk_wad4_tcsz
0112FA68 T tk_vmem_pageroot
0112FA70 T tk_wad4_zfree
0112FA78 T tkmm_lva_clsvt
0112FA80 T tksh_max_editlines
0112FA84 T tksh_max_edittextbuf
0112FA88 T __isbuf
0112FA90 T __stderr
0112FA98 T tkmm_lvatyi_classobj
0112FA9C T TU459212AA/tk_ps2st_shift
0112FAA0 T TKMM_MmapF
0112FAA8 T __stdout
0112FAB0 T tk_lva_strbuf_end
0112FAB8 T tksh_hex_buf
0112FAC0 T tkpe_npboix
0112FAC4 T tkmm_lvatyi_fixnum
0112FAC8 T tkmm_lvatyi_sbyte
0112FACC T tkmm_lvatyi_float
0112FAD0 T TU459212AA/tk_midi_isinit
0112FAD4 T tk_vmem_useldekrr
0112FAD5 T tkspi_init_ok
0112FAD6 T TU459212AA/tk_ps2st_f0
0112FAD8 T tkmm_lvatyi_byte
0112FADC T tkmm_lvatyi_pointer
0112FAE0 T tkmm_lva_syms_nsym
0112FAE4 T tk_vmem_usrexoffs
0112FAE8 T __stdin
0112FAF0 T tkmm_lvatyi_uint
0112FAF4 T tksh_cur_editmode
0112FAF8 T tkmm_lvatyi_ushort
0112FAFC T tk_midi_chanvn
0112FB0C T tkmm_lvatyi_short
0112FB10 T tkmm_lvatyi_cons
0112FB14 T tkmm_lvatyi_double
0112FB18 T TKGDI_Snd_Submit/olddma!4268
0112FB1C T tkmm_rampage
0112FB20 T TU459212AA/tk_con_escval2
0112FB24 T tkmm_lvatyi_int
0112FB28 T tk_tlsid
0112FB2C T tkmm_lvatyi_variant
0112FB30 T tkmm_lvatyi_wstring
0112FB34 T tkgdi_vid_bmxsize
0112FB38 T tk_fsty_root
0112FB40 T tkmm_lvatyi_flonum
0112FB44 T sanity_tmpobj1
0112FB48 T tk_mnt_freelist
0112FB50 T TU459212AA/tk_bdvfb_isinit
0112FB54 T tkmm_lvatyi_ustring
0112FB58 T TU459212AA/tkfat_rdbuf_offs
0112FB5C T __errno
0112FB60 T tk_envctx_free
0112FB68 T tksh_commands
0112FB70 T TU459212AA/tk_vf_init
0112FB74 T tksh_commands_init
0112FB78 T TU459212AA/tkmm_is_init
0112FB7C T TU459212AA/dma_rate
0112FB80 T tkmm_lvatyi_int128
0112FB84 T TU459212AA/tk_ps2st_e0
0112FB88 T TU459212AA/tk_hextab
0112FB90 T tkmm_lva_freebigint
0112FB98 T TU459212AA/tk_con_escval3
0112FB9C T TU459212AA/tkspi_is_init
0112FBA0 T TKMM_MSyncF
0112FBA8 T tk_vmem_varov_hi
0112FBAC T tkmm_lvatyi_float128
0112FBB0 T tksh_runstate
0112FBB4 T tk_vmem_varov_lo
0112FBB8 T sanity_glColor4f_pf
0112FBC0 T TU459212AA/tkgdi_enc2b_rcptab_init
0112FBC1 T TU459212AA/tk_ps2st_alt
0112FBC4 T tkmm_pageend
0112FBC8 T tk_vmemavl_refbase
0112FBD0 T tk_vmem_aclroot
0112FBD8 T TU459212AA/tkfat_rdbuf_dee
0112FBE0 T tkmm_lva_tagbinop
0112FBE8 T tkmm_lvatyi_bigint
0112FBEC T TU459212AA/tk_bdram_isinit
0112FBF0 T TKMM_MunmapF
0112FBF8 T TU459212AA/tk_bdspi_isinit
0112FBFC T TU459212AA/tk_ps2st_ctrl
0112FBFD T tk_midi_musicvolume
0112FC00 T tkmm_pagebase
0112FC04 T tksh_pos_edittextbuf
0112FC08 T tk_ralloc_bufe
0112FC10 T tkmm_lva_freecons
0112FC18 T global_constraint_handler
0112FC20 T tk_midi_chanvol
0112FC30 T tk_wad4_zmemlim
0112FC34 T tk_vmem_swap_sz
0112FC38 T tk_midi_chanpbl
0112FC48 T tk_con_clr16to64
0112FC58 T _malloc_fptr
0112FC60 T TU459212AA/tk_dummyallocaptr
0112FC68 T _mgetbase_fptr
0112FC70 T _mgetzone_fptr
0112FC78 T __envptr
0112FC80 T _free_fptr
0112FC88 T _mgettag_fptr
0112FC90 T tk_shell_chksane_var/__temp_fidcache__x
0112FC92 T tk_shell_chksane_var/__temp_fidcache__y
0112FC94 T __rsrc_types
0112FC98 T _msettag_fptr
0112FCA0 T __eplist
0112FCA8 T _msize_fptr
0112FCB0 T _msetzone_fptr
0112FCB8 T __plist
0112FCC0 T __rsrc_dir
0112FCC1 T __rsrc_start
0112FCC8 T _mfreezone_fptr
0112FCD0 T _realloc_fptr
0112FCD8 T tk_midi_channt
0112FCE8 T tk_midi_chanmod
0112FCF8 T tk_shell_fv0_gbl
0112FD08 T tk_midi_chanprg
0112FD18 T tk_midi_chanpan
0112FD28 T TU459212AA/tkgdi_rgbi2rgb555
0112FD48 T TU459212AA/tk_ps2_keyshift
0112FE48 T tk_vfile_bdvfb_vt
0112FF00 T tk_gfxcon_glyphs
01130300 T tk_vfile_multidir_vt
011303B8 T tk_vfile_fat_vt
01130470 T TU459212AA/__isbufR
01130680 T tk_gfxcon_glyphs_cyril0
01130A80 T tk_con_remaptab
01130EE0 T tk_gfxcon_glyphs_lat1ext
011312E0 T tk_vfile_tmpfs_vt
01131398 T tk_con_hexdig
01131420 T tk_gfxcon_glyphs_437ext
01131820 T handlers
01131858 T tk_vfile_wad4_vt
01131910 T tk_vfile_sysc_vt
011319D0 T sfp_rcp_adj
01131BD0 T TU459212AA/tk_ps2_scan2key
01131DD0 T tk_vfile_bdspi_vt
01131E88 T tk_vfile_devfs_vt
01131F40 T __tk_saved_vbr
01131F50 T __data_end
01134180 T __bss_start
01134180 T __start/argv!771
01134318 T tk_midi_vnflg
01134338 T tkmm_lvatyi_arrmsc
01134378 T tkmm_lvatyi_arrmt
011343B8 T tkmm_mmlist_brkbuf_c
011343F8 T tk_con_bss
01134418 T tkmm_mmlist_brkpos_c
01134470 T tkmm_mmlist_freelist_cat
01138480 T tkpe_pbo_dllimg
01138C90 T tkmm_mmlist_vrm_brkend
0113ACA0 T irq_timer
0113AD30 T tkpe_pbo_image
0113B540 T tkmm_lva_taghash
0113B5D0 T tkgdi_window_vis
0113BDE0 T tkmm_mmlist_vrm_brkbuf
0113DDF0 T tk_task_list
0113FE00 T TU459212AA/tk_ps2_kbuf
0113FF10 T btshx_tk_handles
01140720 T tk_midi_noteatt
011407B0 T TU459212AA/buffer2
01141FD0 T tk_midi_fmregdata
01145FE0 T TU459212AA/dma_buffer
0114DFF0 T tkmm_mmlist_vrm_brkflg
0114F000 T tk_con_chpremap_key
0114F200 T TU459212AA/permFiles
0114F370 T tk_vmem_pagehash
0114F770 T tk_con_chpremap_val
0114F970 T t_bootparm
0114F9B0 T TU459212AA/tkgdi_enc2b_rcptab
0114FAC0 T tkmm_pagebmp
01153AD0 T TU459212AA/buffer3
011552F0 T tkmm_lva_syms_hash
011556F0 T TU459212AA/tkfat_rdbuf_data
01155900 T tk_gfxcon_hexblock
01156110 T tkgdi_context_ctx
01156920 T tkmm_mmlist_brkend_c
01156970 T tkgdi_windows
01157180 T tk_midi_notediv
01157390 T TU459212AA/buffer1
01158BB0 T tk_lva_strbuf_hash
011593C0 T tksh_command_hash
011595D0 T tk_sched_taskarray
01159DE0 T tkmm_lva_tagarr
0115BDF0 T tk_handle_arr
0115C600 T __userExit
0115C700 T tkmm_lva_tagbinop_hash
0115C910 T tkgdi_context_task
0115D120 T __userFiles
0115D908 T _end
0115D908 T __bss_end
